Archive member included to satisfy reference by file (symbol)

C:/ST/STM32CubeIDE_1.16.0/STM32CubeIDE/plugins/com.st.stm32cube.ide.mcu.externaltools.gnu-tools-for-stm32.12.3.rel1.win32_1.0.200.202406191623/tools/bin/../lib/gcc/arm-none-eabi/12.3.1/../../../../arm-none-eabi/lib/thumb/v7e-m+fp/hard\libc_nano.a(libc_a-exit.o)
                              C:/ST/STM32CubeIDE_1.16.0/STM32CubeIDE/plugins/com.st.stm32cube.ide.mcu.externaltools.gnu-tools-for-stm32.12.3.rel1.win32_1.0.200.202406191623/tools/bin/../lib/gcc/arm-none-eabi/12.3.1/../../../../arm-none-eabi/lib/thumb/v7e-m+fp/hard/crt0.o (exit)
C:/ST/STM32CubeIDE_1.16.0/STM32CubeIDE/plugins/com.st.stm32cube.ide.mcu.externaltools.gnu-tools-for-stm32.12.3.rel1.win32_1.0.200.202406191623/tools/bin/../lib/gcc/arm-none-eabi/12.3.1/../../../../arm-none-eabi/lib/thumb/v7e-m+fp/hard\libc_nano.a(libc_a-findfp.o)
                              C:/ST/STM32CubeIDE_1.16.0/STM32CubeIDE/plugins/com.st.stm32cube.ide.mcu.externaltools.gnu-tools-for-stm32.12.3.rel1.win32_1.0.200.202406191623/tools/bin/../lib/gcc/arm-none-eabi/12.3.1/../../../../arm-none-eabi/lib/thumb/v7e-m+fp/hard\libc_nano.a(libc_a-exit.o) (__stdio_exit_handler)
C:/ST/STM32CubeIDE_1.16.0/STM32CubeIDE/plugins/com.st.stm32cube.ide.mcu.externaltools.gnu-tools-for-stm32.12.3.rel1.win32_1.0.200.202406191623/tools/bin/../lib/gcc/arm-none-eabi/12.3.1/../../../../arm-none-eabi/lib/thumb/v7e-m+fp/hard\libc_nano.a(libc_a-fwalk.o)
                              C:/ST/STM32CubeIDE_1.16.0/STM32CubeIDE/plugins/com.st.stm32cube.ide.mcu.externaltools.gnu-tools-for-stm32.12.3.rel1.win32_1.0.200.202406191623/tools/bin/../lib/gcc/arm-none-eabi/12.3.1/../../../../arm-none-eabi/lib/thumb/v7e-m+fp/hard\libc_nano.a(libc_a-findfp.o) (_fwalk_sglue)
C:/ST/STM32CubeIDE_1.16.0/STM32CubeIDE/plugins/com.st.stm32cube.ide.mcu.externaltools.gnu-tools-for-stm32.12.3.rel1.win32_1.0.200.202406191623/tools/bin/../lib/gcc/arm-none-eabi/12.3.1/../../../../arm-none-eabi/lib/thumb/v7e-m+fp/hard\libc_nano.a(libc_a-printf.o)
                              ./Core/Src/main.o (printf)
C:/ST/STM32CubeIDE_1.16.0/STM32CubeIDE/plugins/com.st.stm32cube.ide.mcu.externaltools.gnu-tools-for-stm32.12.3.rel1.win32_1.0.200.202406191623/tools/bin/../lib/gcc/arm-none-eabi/12.3.1/../../../../arm-none-eabi/lib/thumb/v7e-m+fp/hard\libc_nano.a(libc_a-putchar.o)
                              ./Core/Src/watch.o (putchar)
C:/ST/STM32CubeIDE_1.16.0/STM32CubeIDE/plugins/com.st.stm32cube.ide.mcu.externaltools.gnu-tools-for-stm32.12.3.rel1.win32_1.0.200.202406191623/tools/bin/../lib/gcc/arm-none-eabi/12.3.1/../../../../arm-none-eabi/lib/thumb/v7e-m+fp/hard\libc_nano.a(libc_a-puts.o)
                              ./Core/Src/main.o (puts)
C:/ST/STM32CubeIDE_1.16.0/STM32CubeIDE/plugins/com.st.stm32cube.ide.mcu.externaltools.gnu-tools-for-stm32.12.3.rel1.win32_1.0.200.202406191623/tools/bin/../lib/gcc/arm-none-eabi/12.3.1/../../../../arm-none-eabi/lib/thumb/v7e-m+fp/hard\libc_nano.a(libc_a-sprintf.o)
                              ./Core/Src/watch.o (sprintf)
C:/ST/STM32CubeIDE_1.16.0/STM32CubeIDE/plugins/com.st.stm32cube.ide.mcu.externaltools.gnu-tools-for-stm32.12.3.rel1.win32_1.0.200.202406191623/tools/bin/../lib/gcc/arm-none-eabi/12.3.1/../../../../arm-none-eabi/lib/thumb/v7e-m+fp/hard\libc_nano.a(libc_a-stdio.o)
                              C:/ST/STM32CubeIDE_1.16.0/STM32CubeIDE/plugins/com.st.stm32cube.ide.mcu.externaltools.gnu-tools-for-stm32.12.3.rel1.win32_1.0.200.202406191623/tools/bin/../lib/gcc/arm-none-eabi/12.3.1/../../../../arm-none-eabi/lib/thumb/v7e-m+fp/hard\libc_nano.a(libc_a-findfp.o) (__sread)
C:/ST/STM32CubeIDE_1.16.0/STM32CubeIDE/plugins/com.st.stm32cube.ide.mcu.externaltools.gnu-tools-for-stm32.12.3.rel1.win32_1.0.200.202406191623/tools/bin/../lib/gcc/arm-none-eabi/12.3.1/../../../../arm-none-eabi/lib/thumb/v7e-m+fp/hard\libc_nano.a(libc_a-wbuf.o)
                              C:/ST/STM32CubeIDE_1.16.0/STM32CubeIDE/plugins/com.st.stm32cube.ide.mcu.externaltools.gnu-tools-for-stm32.12.3.rel1.win32_1.0.200.202406191623/tools/bin/../lib/gcc/arm-none-eabi/12.3.1/../../../../arm-none-eabi/lib/thumb/v7e-m+fp/hard\libc_nano.a(libc_a-puts.o) (__swbuf_r)
C:/ST/STM32CubeIDE_1.16.0/STM32CubeIDE/plugins/com.st.stm32cube.ide.mcu.externaltools.gnu-tools-for-stm32.12.3.rel1.win32_1.0.200.202406191623/tools/bin/../lib/gcc/arm-none-eabi/12.3.1/../../../../arm-none-eabi/lib/thumb/v7e-m+fp/hard\libc_nano.a(libc_a-wsetup.o)
                              C:/ST/STM32CubeIDE_1.16.0/STM32CubeIDE/plugins/com.st.stm32cube.ide.mcu.externaltools.gnu-tools-for-stm32.12.3.rel1.win32_1.0.200.202406191623/tools/bin/../lib/gcc/arm-none-eabi/12.3.1/../../../../arm-none-eabi/lib/thumb/v7e-m+fp/hard\libc_nano.a(libc_a-puts.o) (__swsetup_r)
[...]
Memory Configuration

Name             Origin             Length             Attributes
CCMRAM           0x10000000         0x00010000         xrw
RAM              0x20000000         0x00020000         xrw
FLASH            0x08000000         0x00080000         xr
*default*        0x00000000         0xffffffff

Linker script and memory map

LOAD C:/ST/STM32CubeIDE_1.16.0/STM32CubeIDE/plugins/com.st.stm32cube.ide.mcu.externaltools.gnu-tools-for-stm32.12.3.rel1.win32_1.0.200.202406191623/tools/bin/../lib/gcc/arm-none-eabi/12.3.1/thumb/v7e-m+fp/hard/crti.o
LOAD C:/ST/STM32CubeIDE_1.16.0/STM32CubeIDE/plugins/com.st.stm32cube.ide.mcu.externaltools.gnu-tools-for-stm32.12.3.rel1.win32_1.0.200.202406191623/tools/bin/../lib/gcc/arm-none-eabi/12.3.1/thumb/v7e-m+fp/hard/crtbegin.o
LOAD C:/ST/STM32CubeIDE_1.16.0/STM32CubeIDE/plugins/com.st.stm32cube.ide.mcu.externaltools.gnu-tools-for-stm32.12.3.rel1.win32_1.0.200.202406191623/tools/bin/../lib/gcc/arm-none-eabi/12.3.1/../../../../arm-none-eabi/lib/thumb/v7e-m+fp/hard/crt0.o
LOAD ./Core/Src/main.o
LOAD ./Core/Src/stm32f4xx_hal_msp.o
LOAD ./Core/Src/stm32f4xx_hal_timebase_tim.o
LOAD ./Core/Src/stm32f4xx_it.o
LOAD ./Core/Src/syscalls.o
LOAD ./Core/Src/system_stm32f4xx.o
LOAD ./Core/Src/watch.o
LOAD ./Core/Startup/startup_stm32f407vetx.o
LOAD ./Drivers/Custom_External_HAL_Driver/Src/lcd.o
LOAD ./Drivers/STM32F4xx_HAL_Driver/Src/stm32f4xx_hal.o
LOAD ./Drivers/STM32F4xx_HAL_Driver/Src/stm32f4xx_hal_cortex.o
LOAD ./Drivers/STM32F4xx_HAL_Driver/Src/stm32f4xx_hal_dma.o
LOAD ./Drivers/STM32F4xx_HAL_Driver/Src/stm32f4xx_hal_dma_ex.o
LOAD ./Drivers/STM32F4xx_HAL_Driver/Src/stm32f4xx_hal_exti.o
LOAD ./Drivers/STM32F4xx_HAL_Driver/Src/stm32f4xx_hal_flash.o
LOAD ./Drivers/STM32F4xx_HAL_Driver/Src/stm32f4xx_hal_flash_ex.o
LOAD ./Drivers/STM32F4xx_HAL_Driver/Src/stm32f4xx_hal_flash_ramfunc.o
LOAD ./Drivers/STM32F4xx_HAL_Driver/Src/stm32f4xx_hal_gpio.o
LOAD ./Drivers/STM32F4xx_HAL_Driver/Src/stm32f4xx_hal_pwr.o
LOAD ./Drivers/STM32F4xx_HAL_Driver/Src/stm32f4xx_hal_pwr_ex.o
LOAD ./Drivers/STM32F4xx_HAL_Driver/Src/stm32f4xx_hal_rcc.o
LOAD ./Drivers/STM32F4xx_HAL_Driver/Src/stm32f4xx_hal_rcc_ex.o
LOAD ./Drivers/STM32F4xx_HAL_Driver/Src/stm32f4xx_hal_rtc.o
LOAD ./Drivers/STM32F4xx_HAL_Driver/Src/stm32f4xx_hal_rtc_ex.o
LOAD ./Drivers/STM32F4xx_HAL_Driver/Src/stm32f4xx_hal_tim.o
LOAD ./Drivers/STM32F4xx_HAL_Driver/Src/stm32f4xx_hal_tim_ex.o
LOAD ./FreeRTOS-Kernel/croutine.o
LOAD ./FreeRTOS-Kernel/event_groups.o
LOAD ./FreeRTOS-Kernel/list.o
LOAD ./FreeRTOS-Kernel/queue.o
LOAD ./FreeRTOS-Kernel/stream_buffer.o
LOAD ./FreeRTOS-Kernel/tasks.o
LOAD ./FreeRTOS-Kernel/timers.o
LOAD ./FreeRTOS-Kernel/portable/GCC/ARM_CM4F/port.o
LOAD ./FreeRTOS-Kernel/portable/MemMang/heap_4.o
START GROUP
LOAD C:/ST/STM32CubeIDE_1.16.0/STM32CubeIDE/plugins/com.st.stm32cube.ide.mcu.externaltools.gnu-tools-for-stm32.12.3.rel1.win32_1.0.200.202406191623/tools/bin/../lib/gcc/arm-none-eabi/12.3.1/../../../../arm-none-eabi/lib/thumb/v7e-m+fp/hard\libc_nano.a
LOAD C:/ST/STM32CubeIDE_1.16.0/STM32CubeIDE/plugins/com.st.stm32cube.ide.mcu.externaltools.gnu-tools-for-stm32.12.3.rel1.win32_1.0.200.202406191623/tools/bin/../lib/gcc/arm-none-eabi/12.3.1/../../../../arm-none-eabi/lib/thumb/v7e-m+fp/hard\libm.a
END GROUP
START GROUP
LOAD C:/ST/STM32CubeIDE_1.16.0/STM32CubeIDE/plugins/com.st.stm32cube.ide.mcu.externaltools.gnu-tools-for-stm32.12.3.rel1.win32_1.0.200.202406191623/tools/bin/../lib/gcc/arm-none-eabi/12.3.1/thumb/v7e-m+fp/hard\libgcc.a
LOAD C:/ST/STM32CubeIDE_1.16.0/STM32CubeIDE/plugins/com.st.stm32cube.ide.mcu.externaltools.gnu-tools-for-stm32.12.3.rel1.win32_1.0.200.202406191623/tools/bin/../lib/gcc/arm-none-eabi/12.3.1/../../../../arm-none-eabi/lib/thumb/v7e-m+fp/hard\libc_nano.a
END GROUP
START GROUP
LOAD C:/ST/STM32CubeIDE_1.16.0/STM32CubeIDE/plugins/com.st.stm32cube.ide.mcu.externaltools.gnu-tools-for-stm32.12.3.rel1.win32_1.0.200.202406191623/tools/bin/../lib/gcc/arm-none-eabi/12.3.1/thumb/v7e-m+fp/hard\libgcc.a
LOAD C:/ST/STM32CubeIDE_1.16.0/STM32CubeIDE/plugins/com.st.stm32cube.ide.mcu.externaltools.gnu-tools-for-stm32.12.3.rel1.win32_1.0.200.202406191623/tools/bin/../lib/gcc/arm-none-eabi/12.3.1/../../../../arm-none-eabi/lib/thumb/v7e-m+fp/hard\libc_nano.a
LOAD C:/ST/STM32CubeIDE_1.16.0/STM32CubeIDE/plugins/com.st.stm32cube.ide.mcu.externaltools.gnu-tools-for-stm32.12.3.rel1.win32_1.0.200.202406191623/tools/bin/../lib/gcc/arm-none-eabi/12.3.1/../../../../arm-none-eabi/lib/thumb/v7e-m+fp/hard\libnosys.a
END GROUP
START GROUP
LOAD C:/ST/STM32CubeIDE_1.16.0/STM32CubeIDE/plugins/com.st.stm32cube.ide.mcu.externaltools.gnu-tools-for-stm32.12.3.rel1.win32_1.0.200.202406191623/tools/bin/../lib/gcc/arm-none-eabi/12.3.1/thumb/v7e-m+fp/hard\libgcc.a
LOAD C:/ST/STM32CubeIDE_1.16.0/STM32CubeIDE/plugins/com.st.stm32cube.ide.mcu.externaltools.gnu-tools-for-stm32.12.3.rel1.win32_1.0.200.202406191623/tools/bin/../lib/gcc/arm-none-eabi/12.3.1/../../../../arm-none-eabi/lib/thumb/v7e-m+fp/hard\libc_nano.a
LOAD C:/ST/STM32CubeIDE_1.16.0/STM32CubeIDE/plugins/com.st.stm32cube.ide.mcu.externaltools.gnu-tools-for-stm32.12.3.rel1.win32_1.0.200.202406191623/tools/bin/../lib/gcc/arm-none-eabi/12.3.1/../../../../arm-none-eabi/lib/thumb/v7e-m+fp/hard\libnosys.a
END GROUP
LOAD C:/ST/STM32CubeIDE_1.16.0/STM32CubeIDE/plugins/com.st.stm32cube.ide.mcu.externaltools.gnu-tools-for-stm32.12.3.rel1.win32_1.0.200.202406191623/tools/bin/../lib/gcc/arm-none-eabi/12.3.1/thumb/v7e-m+fp/hard/crtend.o
LOAD C:/ST/STM32CubeIDE_1.16.0/STM32CubeIDE/plugins/com.st.stm32cube.ide.mcu.externaltools.gnu-tools-for-stm32.12.3.rel1.win32_1.0.200.202406191623/tools/bin/../lib/gcc/arm-none-eabi/12.3.1/thumb/v7e-m+fp/hard/crtn.o
                0x20020000                        _estack = (ORIGIN (RAM) + LENGTH (RAM))
                0x00000200                        _Min_Heap_Size = 0x200
                0x00000400                        _Min_Stack_Size = 0x400

.isr_vector     0x08000000      0x188
                0x08000000                        . = ALIGN (0x4)
 *(.isr_vector)
 .isr_vector    0x08000000      0x188 ./Core/Startup/startup_stm32f407vetx.o
                0x08000000                g_pfnVectors
                0x08000188                        . = ALIGN (0x4)

.text           0x08000190     0x8c54
                0x08000190                        . = ALIGN (0x4)
 *(.text)
 .text          0x08000190       0x40 C:/ST/STM32CubeIDE_1.16.0/STM32CubeIDE/plugins/com.st.stm32cube.ide.mcu.externaltools.gnu-tools-for-stm32.12.3.rel1.win32_1.0.200.202406191623/tools/bin/../lib/gcc/arm-none-eabi/12.3.1/thumb/v7e-m+fp/hard/crtbegin.o
 .text          0x080001d0       0xa0 C:/ST/STM32CubeIDE_1.16.0/STM32CubeIDE/plugins/com.st.stm32cube.ide.mcu.externaltools.gnu-tools-for-stm32.12.3.rel1.win32_1.0.200.202406191623/tools/bin/../lib/gcc/arm-none-eabi/12.3.1/../../../../arm-none-eabi/lib/thumb/v7e-m+fp/hard\libc_nano.a(libc_a-memchr.o)
                0x080001d0                memchr
 .text          0x08000270       0x30 C:/ST/STM32CubeIDE_1.16.0/STM32CubeIDE/plugins/com.st.stm32cube.ide.mcu.externaltools.gnu-tools-for-stm32.12.3.rel1.win32_1.0.200.202406191623/tools/bin/../lib/gcc/arm-none-eabi/12.3.1/thumb/v7e-m+fp/hard\libgcc.a(_aeabi_uldivmod.o)
                0x08000270                __aeabi_uldivmod
 .text          0x080002a0      0x2bc C:/ST/STM32CubeIDE_1.16.0/STM32CubeIDE/plugins/com.st.stm32cube.ide.mcu.externaltools.gnu-tools-for-stm32.12.3.rel1.win32_1.0.200.202406191623/tools/bin/../lib/gcc/arm-none-eabi/12.3.1/thumb/v7e-m+fp/hard\libgcc.a(_udivmoddi4.o)
                0x080002a0                __udivmoddi4
 .text          0x0800055c        0x4 C:/ST/STM32CubeIDE_1.16.0/STM32CubeIDE/plugins/com.st.stm32cube.ide.mcu.externaltools.gnu-tools-for-stm32.12.3.rel1.win32_1.0.200.202406191623/tools/bin/../lib/gcc/arm-none-eabi/12.3.1/thumb/v7e-m+fp/hard\libgcc.a(_dvmd_tls.o)
                0x0800055c                __aeabi_idiv0
                0x0800055c                __aeabi_ldiv0
 *(.text*)
 .text.main     0x08000560      0x30c ./Core/Src/main.o
                0x08000560                main
 .text.SystemClock_Config
                0x0800086c       0xc0 ./Core/Src/main.o
                0x0800086c                SystemClock_Config
 .text.MX_RTC_Init
                0x0800092c      0x138 ./Core/Src/main.o
 .text.MX_GPIO_Init
                0x08000a64       0xec ./Core/Src/main.o
 .text.redButtonHandler
                0x08000b50       0x48 ./Core/Src/main.o
                0x08000b50                redButtonHandler
 .text.blueButtonHandler
                0x08000b98      0x220 ./Core/Src/main.o
                0x08000b98                blueButtonHandler
 .text.greenButtonHandler
                0x08000db8      0x100 ./Core/Src/main.o
                0x08000db8                greenButtonHandler
 .text.yellowButtonHandler
                0x08000eb8      0x1c8 ./Core/Src/main.o
                0x08000eb8                yellowButtonHandler
 .text.HAL_TIM_PeriodElapsedCallback
                0x08001080       0x24 ./Core/Src/main.o
                0x08001080                HAL_TIM_PeriodElapsedCallback
 .text.Error_Handler
                0x080010a4        0xc ./Core/Src/main.o
                0x080010a4                Error_Handler
 .text.HAL_MspInit
                0x080010b0       0x5c ./Core/Src/stm32f4xx_hal_msp.o
                0x080010b0                HAL_MspInit
 .text.HAL_RTC_MspInit
                0x0800110c       0x64 ./Core/Src/stm32f4xx_hal_msp.o
                0x0800110c                HAL_RTC_MspInit
 .text.HAL_InitTick
                0x08001170       0xf8 ./Core/Src/stm32f4xx_hal_timebase_tim.o
                0x08001170                HAL_InitTick
 .text.NMI_Handler
                0x08001268        0x8 ./Core/Src/stm32f4xx_it.o
                0x08001268                NMI_Handler
 .text.HardFault_Handler
                0x08001270        0x8 ./Core/Src/stm32f4xx_it.o
                0x08001270                HardFault_Handler
 .text.MemManage_Handler
                0x08001278        0x8 ./Core/Src/stm32f4xx_it.o
                0x08001278                MemManage_Handler
 .text.BusFault_Handler
                0x08001280        0x8 ./Core/Src/stm32f4xx_it.o
                0x08001280                BusFault_Handler
 .text.UsageFault_Handler
                0x08001288        0x8 ./Core/Src/stm32f4xx_it.o
                0x08001288                UsageFault_Handler
 .text.DebugMon_Handler
                0x08001290        0xe ./Core/Src/stm32f4xx_it.o
                0x08001290                DebugMon_Handler
 .text.FLASH_IRQHandler
                0x0800129e        0xc ./Core/Src/stm32f4xx_it.o
                0x0800129e                FLASH_IRQHandler
 *fill*         0x080012aa        0x2 
 .text.EXTI0_IRQHandler
                0x080012ac       0x68 ./Core/Src/stm32f4xx_it.o
                0x080012ac                EXTI0_IRQHandler
 .text.EXTI1_IRQHandler
                0x08001314       0x68 ./Core/Src/stm32f4xx_it.o
                0x08001314                EXTI1_IRQHandler
 .text.EXTI2_IRQHandler
                0x0800137c       0x68 ./Core/Src/stm32f4xx_it.o
                0x0800137c                EXTI2_IRQHandler
 .text.EXTI3_IRQHandler
                0x080013e4       0x80 ./Core/Src/stm32f4xx_it.o
                0x080013e4                EXTI3_IRQHandler
 .text.RTC_Alarm_IRQHandler
                0x08001464       0xb4 ./Core/Src/stm32f4xx_it.o
                0x08001464                RTC_Alarm_IRQHandler
 .text.TIM6_DAC_IRQHandler
                0x08001518       0x14 ./Core/Src/stm32f4xx_it.o
                0x08001518                TIM6_DAC_IRQHandler
 .text.ITM_SendChar
                0x0800152c       0x50 ./Core/Src/syscalls.o
                0x0800152c                ITM_SendChar
 .text._read    0x0800157c       0x3a ./Core/Src/syscalls.o
                0x0800157c                _read
 .text._write   0x080015b6       0x38 ./Core/Src/syscalls.o
                0x080015b6                _write
 .text._close   0x080015ee       0x18 ./Core/Src/syscalls.o
                0x080015ee                _close
 .text._fstat   0x08001606       0x20 ./Core/Src/syscalls.o
                0x08001606                _fstat
 .text._isatty  0x08001626       0x16 ./Core/Src/syscalls.o
                0x08001626                _isatty
 .text._lseek   0x0800163c       0x1a ./Core/Src/syscalls.o
                0x0800163c                _lseek
 *fill*         0x08001656        0x2 
 .text.SystemInit
                0x08001658       0x24 ./Core/Src/system_stm32f4xx.o
                0x08001658                SystemInit
 .text.blinkBacklight
                0x0800167c       0x8c ./Core/Src/watch.o
                0x0800167c                blinkBacklight
 .text.displayTimeTask
                0x08001708      0x3d4 ./Core/Src/watch.o
                0x08001708                displayTimeTask
 .text.changeFormatTask
                0x08001adc       0x44 ./Core/Src/watch.o
                0x08001adc                changeFormatTask
 .text.stopwatchTask
                0x08001b20      0x1a8 ./Core/Src/watch.o
                0x08001b20                stopwatchTask
 .text.alarmTask
                0x08001cc8      0x2c0 ./Core/Src/watch.o
                0x08001cc8                alarmTask
 .text.hourlyAlarmTask
                0x08001f88       0xd0 ./Core/Src/watch.o
                0x08001f88                hourlyAlarmTask
 .text.snoozeTask
                0x08002058      0x15c ./Core/Src/watch.o
                0x08002058                snoozeTask
 .text.setAlarm
                0x080021b4       0x90 ./Core/Src/watch.o
 .text.adjustTime
                0x08002244      0x4b0 ./Core/Src/watch.o
                0x08002244                adjustTime
 .text.enterFunctionMode
                0x080026f4       0x38 ./Core/Src/watch.o
 .text.exitFunctionMode
                0x0800272c       0x38 ./Core/Src/watch.o
 .text.stopwatchInit
                0x08002764       0x62 ./Core/Src/watch.o
 *fill*         0x080027c6        0x2 
 .text.alarmInit
                0x080027c8       0x68 ./Core/Src/watch.o
 .text.getDaysInMonth
                0x08002830       0xcc ./Core/Src/watch.o
 .text.Reset_Handler
                0x080028fc       0x50 ./Core/Startup/startup_stm32f407vetx.o
                0x080028fc                Reset_Handler
 .text.Default_Handler
                0x0800294c        0x2 ./Core/Startup/startup_stm32f407vetx.o
                0x0800294c                HASH_RNG_IRQHandler
                0x0800294c                TIM8_CC_IRQHandler
                0x0800294c                TIM1_CC_IRQHandler
                0x0800294c                DMA2_Stream5_IRQHandler
                0x0800294c                DMA1_Stream5_IRQHandler
                0x0800294c                PVD_IRQHandler
                0x0800294c                SDIO_IRQHandler
                0x0800294c                TAMP_STAMP_IRQHandler
                0x0800294c                CAN2_RX1_IRQHandler
                0x0800294c                TIM8_TRG_COM_TIM14_IRQHandler
                0x0800294c                TIM1_UP_TIM10_IRQHandler
                0x0800294c                TIM8_UP_TIM13_IRQHandler
                0x0800294c                I2C3_ER_IRQHandler
                0x0800294c                I2C2_EV_IRQHandler
                0x0800294c                DMA1_Stream2_IRQHandler
                0x0800294c                CAN1_RX0_IRQHandler
                0x0800294c                FPU_IRQHandler
                0x0800294c                OTG_HS_WKUP_IRQHandler
                0x0800294c                CAN2_SCE_IRQHandler
                0x0800294c                DMA2_Stream2_IRQHandler
                0x0800294c                SPI1_IRQHandler
                0x0800294c                TIM1_BRK_TIM9_IRQHandler
                0x0800294c                DCMI_IRQHandler
                0x0800294c                CAN2_RX0_IRQHandler
                0x0800294c                DMA2_Stream3_IRQHandler
                0x0800294c                USART6_IRQHandler
                0x0800294c                USART3_IRQHandler
                0x0800294c                CAN1_RX1_IRQHandler
                0x0800294c                UART5_IRQHandler
                0x0800294c                DMA2_Stream0_IRQHandler
                0x0800294c                TIM4_IRQHandler
                0x0800294c                I2C1_EV_IRQHandler
                0x0800294c                DMA1_Stream6_IRQHandler
                0x0800294c                DMA1_Stream1_IRQHandler
                0x0800294c                UART4_IRQHandler
                0x0800294c                TIM3_IRQHandler
                0x0800294c                RCC_IRQHandler
                0x0800294c                TIM8_BRK_TIM12_IRQHandler
                0x0800294c                Default_Handler
                0x0800294c                EXTI15_10_IRQHandler
                0x0800294c                ADC_IRQHandler
                0x0800294c                DMA1_Stream7_IRQHandler
                0x0800294c                TIM7_IRQHandler
                0x0800294c                CAN2_TX_IRQHandler
                0x0800294c                TIM5_IRQHandler
                0x0800294c                DMA2_Stream7_IRQHandler
                0x0800294c                I2C3_EV_IRQHandler
                0x0800294c                EXTI9_5_IRQHandler
                0x0800294c                RTC_WKUP_IRQHandler
                0x0800294c                ETH_WKUP_IRQHandler
                0x0800294c                SPI2_IRQHandler
                0x0800294c                OTG_HS_EP1_IN_IRQHandler
                0x0800294c                DMA1_Stream0_IRQHandler
                0x0800294c                CAN1_TX_IRQHandler
                0x0800294c                EXTI4_IRQHandler
                0x0800294c                FSMC_IRQHandler
                0x0800294c                ETH_IRQHandler
                0x0800294c                OTG_HS_EP1_OUT_IRQHandler
                0x0800294c                WWDG_IRQHandler
                0x0800294c                TIM2_IRQHandler
                0x0800294c                OTG_FS_WKUP_IRQHandler
                0x0800294c                TIM1_TRG_COM_TIM11_IRQHandler
                0x0800294c                OTG_HS_IRQHandler
                0x0800294c                USART2_IRQHandler
                0x0800294c                I2C2_ER_IRQHandler
                0x0800294c                DMA2_Stream1_IRQHandler
                0x0800294c                CAN1_SCE_IRQHandler
                0x0800294c                DMA2_Stream4_IRQHandler
                0x0800294c                USART1_IRQHandler
                0x0800294c                OTG_FS_IRQHandler
                0x0800294c                SPI3_IRQHandler
                0x0800294c                DMA1_Stream4_IRQHandler
                0x0800294c                I2C1_ER_IRQHandler
                0x0800294c                DMA2_Stream6_IRQHandler
                0x0800294c                DMA1_Stream3_IRQHandler
 .text.LCD_Init
                0x0800294e       0x38 ./Drivers/Custom_External_HAL_Driver/Src/lcd.o
                0x0800294e                LCD_Init
 *fill*         0x08002986        0x2 
 .text.LCD_Send
                0x08002988      0x10c ./Drivers/Custom_External_HAL_Driver/Src/lcd.o
                0x08002988                LCD_Send
 .text.LCD_Send_Command
                0x08002a94       0x1c ./Drivers/Custom_External_HAL_Driver/Src/lcd.o
                0x08002a94                LCD_Send_Command
 .text.LCD_Send_Data
                0x08002ab0       0x1c ./Drivers/Custom_External_HAL_Driver/Src/lcd.o
                0x08002ab0                LCD_Send_Data
 .text.LCD_Send_Data_Upper
                0x08002acc       0x3c ./Drivers/Custom_External_HAL_Driver/Src/lcd.o
                0x08002acc                LCD_Send_Data_Upper
 .text.LCD_Send_Data_Lower
                0x08002b08       0x3c ./Drivers/Custom_External_HAL_Driver/Src/lcd.o
                0x08002b08                LCD_Send_Data_Lower
 .text.HAL_Init
                0x08002b44       0x44 ./Drivers/STM32F4xx_HAL_Driver/Src/stm32f4xx_hal.o
                0x08002b44                HAL_Init
 .text.HAL_IncTick
                0x08002b88       0x28 ./Drivers/STM32F4xx_HAL_Driver/Src/stm32f4xx_hal.o
                0x08002b88                HAL_IncTick
 .text.HAL_GetTick
                0x08002bb0       0x18 ./Drivers/STM32F4xx_HAL_Driver/Src/stm32f4xx_hal.o
                0x08002bb0                HAL_GetTick
 .text.HAL_Delay
                0x08002bc8       0x48 ./Drivers/STM32F4xx_HAL_Driver/Src/stm32f4xx_hal.o
                0x08002bc8                HAL_Delay
 .text.__NVIC_SetPriorityGrouping
                0x08002c10       0x48 ./Drivers/STM32F4xx_HAL_Driver/Src/stm32f4xx_hal_cortex.o
 .text.__NVIC_GetPriorityGrouping
                0x08002c58       0x1c ./Drivers/STM32F4xx_HAL_Driver/Src/stm32f4xx_hal_cortex.o
 .text.__NVIC_EnableIRQ
                0x08002c74       0x3c ./Drivers/STM32F4xx_HAL_Driver/Src/stm32f4xx_hal_cortex.o
 .text.__NVIC_SetPriority
                0x08002cb0       0x54 ./Drivers/STM32F4xx_HAL_Driver/Src/stm32f4xx_hal_cortex.o
 .text.NVIC_EncodePriority
                0x08002d04       0x66 ./Drivers/STM32F4xx_HAL_Driver/Src/stm32f4xx_hal_cortex.o
 .text.HAL_NVIC_SetPriorityGrouping
                0x08002d6a       0x16 ./Drivers/STM32F4xx_HAL_Driver/Src/stm32f4xx_hal_cortex.o
                0x08002d6a                HAL_NVIC_SetPriorityGrouping
 .text.HAL_NVIC_SetPriority
                0x08002d80       0x38 ./Drivers/STM32F4xx_HAL_Driver/Src/stm32f4xx_hal_cortex.o
                0x08002d80                HAL_NVIC_SetPriority
 .text.HAL_NVIC_EnableIRQ
                0x08002db8       0x1c ./Drivers/STM32F4xx_HAL_Driver/Src/stm32f4xx_hal_cortex.o
                0x08002db8                HAL_NVIC_EnableIRQ
 .text.HAL_FLASH_IRQHandler
                0x08002dd4      0x138 ./Drivers/STM32F4xx_HAL_Driver/Src/stm32f4xx_hal_flash.o
                0x08002dd4                HAL_FLASH_IRQHandler
 .text.HAL_FLASH_EndOfOperationCallback
                0x08002f0c       0x14 ./Drivers/STM32F4xx_HAL_Driver/Src/stm32f4xx_hal_flash.o
                0x08002f0c                HAL_FLASH_EndOfOperationCallback
 .text.HAL_FLASH_OperationErrorCallback
                0x08002f20       0x14 ./Drivers/STM32F4xx_HAL_Driver/Src/stm32f4xx_hal_flash.o
                0x08002f20                HAL_FLASH_OperationErrorCallback
 .text.FLASH_SetErrorCode
                0x08002f34       0xac ./Drivers/STM32F4xx_HAL_Driver/Src/stm32f4xx_hal_flash.o
 .text.FLASH_Erase_Sector
                0x08002fe0       0x90 ./Drivers/STM32F4xx_HAL_Driver/Src/stm32f4xx_hal_flash_ex.o
                0x08002fe0                FLASH_Erase_Sector
 .text.FLASH_FlushCaches
                0x08003070       0x8c ./Drivers/STM32F4xx_HAL_Driver/Src/stm32f4xx_hal_flash_ex.o
                0x08003070                FLASH_FlushCaches
 .text.HAL_GPIO_Init
                0x080030fc      0x338 ./Drivers/STM32F4xx_HAL_Driver/Src/stm32f4xx_hal_gpio.o
                0x080030fc                HAL_GPIO_Init
 .text.HAL_GPIO_ReadPin
                0x08003434       0x30 ./Drivers/STM32F4xx_HAL_Driver/Src/stm32f4xx_hal_gpio.o
                0x08003434                HAL_GPIO_ReadPin
 .text.HAL_GPIO_WritePin
                0x08003464       0x32 ./Drivers/STM32F4xx_HAL_Driver/Src/stm32f4xx_hal_gpio.o
                0x08003464                HAL_GPIO_WritePin
 .text.HAL_GPIO_TogglePin
                0x08003496       0x34 ./Drivers/STM32F4xx_HAL_Driver/Src/stm32f4xx_hal_gpio.o
                0x08003496                HAL_GPIO_TogglePin
 *fill*         0x080034ca        0x2 
 .text.HAL_GPIO_EXTI_IRQHandler
                0x080034cc       0x30 ./Drivers/STM32F4xx_HAL_Driver/Src/stm32f4xx_hal_gpio.o
                0x080034cc                HAL_GPIO_EXTI_IRQHandler
 .text.HAL_GPIO_EXTI_Callback
                0x080034fc       0x16 ./Drivers/STM32F4xx_HAL_Driver/Src/stm32f4xx_hal_gpio.o
                0x080034fc                HAL_GPIO_EXTI_Callback
 *fill*         0x08003512        0x2 
 .text.HAL_RCC_OscConfig
                0x08003514      0x4f0 ./Drivers/STM32F4xx_HAL_Driver/Src/stm32f4xx_hal_rcc.o
                0x08003514                HAL_RCC_OscConfig
 .text.HAL_RCC_ClockConfig
                0x08003a04      0x1cc ./Drivers/STM32F4xx_HAL_Driver/Src/stm32f4xx_hal_rcc.o
                0x08003a04                HAL_RCC_ClockConfig
 .text.HAL_RCC_GetSysClockFreq
                0x08003bd0      0x18c ./Drivers/STM32F4xx_HAL_Driver/Src/stm32f4xx_hal_rcc.o
                0x08003bd0                HAL_RCC_GetSysClockFreq
 .text.HAL_RCC_GetHCLKFreq
                0x08003d5c       0x18 ./Drivers/STM32F4xx_HAL_Driver/Src/stm32f4xx_hal_rcc.o
                0x08003d5c                HAL_RCC_GetHCLKFreq
 .text.HAL_RCC_GetPCLK1Freq
                0x08003d74       0x28 ./Drivers/STM32F4xx_HAL_Driver/Src/stm32f4xx_hal_rcc.o
                0x08003d74                HAL_RCC_GetPCLK1Freq
 .text.HAL_RCC_GetClockConfig
                0x08003d9c       0x64 ./Drivers/STM32F4xx_HAL_Driver/Src/stm32f4xx_hal_rcc.o
                0x08003d9c                HAL_RCC_GetClockConfig
 .text.HAL_RCCEx_PeriphCLKConfig
                0x08003e00      0x1c4 ./Drivers/STM32F4xx_HAL_Driver/Src/stm32f4xx_hal_rcc_ex.o
                0x08003e00                HAL_RCCEx_PeriphCLKConfig
 .text.HAL_RTC_Init
                0x08003fc4      0x106 ./Drivers/STM32F4xx_HAL_Driver/Src/stm32f4xx_hal_rtc.o
                0x08003fc4                HAL_RTC_Init
 .text.HAL_RTC_SetTime
                0x080040ca      0x134 ./Drivers/STM32F4xx_HAL_Driver/Src/stm32f4xx_hal_rtc.o
                0x080040ca                HAL_RTC_SetTime
 .text.HAL_RTC_GetTime
                0x080041fe       0xbc ./Drivers/STM32F4xx_HAL_Driver/Src/stm32f4xx_hal_rtc.o
                0x080041fe                HAL_RTC_GetTime
 .text.HAL_RTC_SetDate
                0x080042ba      0x108 ./Drivers/STM32F4xx_HAL_Driver/Src/stm32f4xx_hal_rtc.o
                0x080042ba                HAL_RTC_SetDate
 .text.HAL_RTC_GetDate
                0x080043c2       0x9e ./Drivers/STM32F4xx_HAL_Driver/Src/stm32f4xx_hal_rtc.o
                0x080043c2                HAL_RTC_GetDate
 .text.HAL_RTC_SetAlarm_IT
                0x08004460      0x288 ./Drivers/STM32F4xx_HAL_Driver/Src/stm32f4xx_hal_rtc.o
                0x08004460                HAL_RTC_SetAlarm_IT
 .text.HAL_RTC_AlarmIRQHandler
                0x080046e8       0x8c ./Drivers/STM32F4xx_HAL_Driver/Src/stm32f4xx_hal_rtc.o
                0x080046e8                HAL_RTC_AlarmIRQHandler
 .text.HAL_RTC_AlarmAEventCallback
                0x08004774       0x14 ./Drivers/STM32F4xx_HAL_Driver/Src/stm32f4xx_hal_rtc.o
                0x08004774                HAL_RTC_AlarmAEventCallback
 .text.HAL_RTC_WaitForSynchro
                0x08004788       0x4c ./Drivers/STM32F4xx_HAL_Driver/Src/stm32f4xx_hal_rtc.o
                0x08004788                HAL_RTC_WaitForSynchro
 .text.RTC_EnterInitMode
                0x080047d4       0x6e ./Drivers/STM32F4xx_HAL_Driver/Src/stm32f4xx_hal_rtc.o
                0x080047d4                RTC_EnterInitMode
 .text.RTC_ExitInitMode
                0x08004842       0x4a ./Drivers/STM32F4xx_HAL_Driver/Src/stm32f4xx_hal_rtc.o
                0x08004842                RTC_ExitInitMode
 .text.RTC_ByteToBcd2
                0x0800488c       0x3c ./Drivers/STM32F4xx_HAL_Driver/Src/stm32f4xx_hal_rtc.o
                0x0800488c                RTC_ByteToBcd2
 .text.RTC_Bcd2ToByte
                0x080048c8       0x3c ./Drivers/STM32F4xx_HAL_Driver/Src/stm32f4xx_hal_rtc.o
                0x080048c8                RTC_Bcd2ToByte
 .text.HAL_RTCEx_AlarmBEventCallback
                0x08004904       0x14 ./Drivers/STM32F4xx_HAL_Driver/Src/stm32f4xx_hal_rtc_ex.o
                0x08004904                HAL_RTCEx_AlarmBEventCallback
 .text.HAL_TIM_Base_Init
                0x08004918       0x9e ./Drivers/STM32F4xx_HAL_Driver/Src/stm32f4xx_hal_tim.o
                0x08004918                HAL_TIM_Base_Init
 .text.HAL_TIM_Base_MspInit
                0x080049b6       0x14 ./Drivers/STM32F4xx_HAL_Driver/Src/stm32f4xx_hal_tim.o
                0x080049b6                HAL_TIM_Base_MspInit
 *fill*         0x080049ca        0x2 
 .text.HAL_TIM_Base_Start_IT
                0x080049cc       0xe0 ./Drivers/STM32F4xx_HAL_Driver/Src/stm32f4xx_hal_tim.o
                0x080049cc                HAL_TIM_Base_Start_IT
 .text.HAL_TIM_IRQHandler
                0x08004aac      0x1e0 ./Drivers/STM32F4xx_HAL_Driver/Src/stm32f4xx_hal_tim.o
                0x08004aac                HAL_TIM_IRQHandler
 .text.HAL_TIM_OC_DelayElapsedCallback
                0x08004c8c       0x14 ./Drivers/STM32F4xx_HAL_Driver/Src/stm32f4xx_hal_tim.o
                0x08004c8c                HAL_TIM_OC_DelayElapsedCallback
 .text.HAL_TIM_IC_CaptureCallback
                0x08004ca0       0x14 ./Drivers/STM32F4xx_HAL_Driver/Src/stm32f4xx_hal_tim.o
                0x08004ca0                HAL_TIM_IC_CaptureCallback
 .text.HAL_TIM_PWM_PulseFinishedCallback
                0x08004cb4       0x14 ./Drivers/STM32F4xx_HAL_Driver/Src/stm32f4xx_hal_tim.o
                0x08004cb4                HAL_TIM_PWM_PulseFinishedCallback
 .text.HAL_TIM_TriggerCallback
                0x08004cc8       0x14 ./Drivers/STM32F4xx_HAL_Driver/Src/stm32f4xx_hal_tim.o
                0x08004cc8                HAL_TIM_TriggerCallback
 .text.TIM_Base_SetConfig
                0x08004cdc      0x158 ./Drivers/STM32F4xx_HAL_Driver/Src/stm32f4xx_hal_tim.o
                0x08004cdc                TIM_Base_SetConfig
 .text.HAL_TIMEx_CommutCallback
                0x08004e34       0x14 ./Drivers/STM32F4xx_HAL_Driver/Src/stm32f4xx_hal_tim_ex.o
                0x08004e34                HAL_TIMEx_CommutCallback
 .text.HAL_TIMEx_BreakCallback
                0x08004e48       0x14 ./Drivers/STM32F4xx_HAL_Driver/Src/stm32f4xx_hal_tim_ex.o
                0x08004e48                HAL_TIMEx_BreakCallback
 .text.vListInitialise
                0x08004e5c       0x52 ./FreeRTOS-Kernel/list.o
                0x08004e5c                vListInitialise
 .text.vListInitialiseItem
                0x08004eae       0x1a ./FreeRTOS-Kernel/list.o
                0x08004eae                vListInitialiseItem
 .text.vListInsert
                0x08004ec8       0x86 ./FreeRTOS-Kernel/list.o
                0x08004ec8                vListInsert
 .text.uxListRemove
                0x08004f4e       0x54 ./FreeRTOS-Kernel/list.o
                0x08004f4e                uxListRemove
 .text.xQueueGenericReset
                0x08004fa2       0xcc ./FreeRTOS-Kernel/queue.o
                0x08004fa2                xQueueGenericReset
 .text.xQueueGenericCreateStatic
                0x0800506e       0x60 ./FreeRTOS-Kernel/queue.o
                0x0800506e                xQueueGenericCreateStatic
 .text.prvInitialiseNewQueue
                0x080050ce       0x44 ./FreeRTOS-Kernel/queue.o
 *fill*         0x08005112        0x2 
 .text.xQueueReceive
                0x08005114      0x134 ./FreeRTOS-Kernel/queue.o
                0x08005114                xQueueReceive
 .text.prvCopyDataToQueue
                0x08005248       0xd4 ./FreeRTOS-Kernel/queue.o
 .text.prvCopyDataFromQueue
                0x0800531c       0x4c ./FreeRTOS-Kernel/queue.o
 .text.prvUnlockQueue
                0x08005368       0xbe ./FreeRTOS-Kernel/queue.o
 .text.prvIsQueueEmpty
                0x08005426       0x2c ./FreeRTOS-Kernel/queue.o
 .text.vQueueWaitForMessageRestricted
                0x08005452       0x6e ./FreeRTOS-Kernel/queue.o
                0x08005452                vQueueWaitForMessageRestricted
 .text.prvNotifyQueueSetContainer
                0x080054c0       0x84 ./FreeRTOS-Kernel/queue.o
 .text.prvCreateStaticTask
                0x08005544       0x62 ./FreeRTOS-Kernel/tasks.o
 .text.xTaskCreateStatic
                0x080055a6       0x48 ./FreeRTOS-Kernel/tasks.o
                0x080055a6                xTaskCreateStatic
 .text.prvCreateTask
                0x080055ee       0x80 ./FreeRTOS-Kernel/tasks.o
 .text.xTaskCreate
                0x0800566e       0x46 ./FreeRTOS-Kernel/tasks.o
                0x0800566e                xTaskCreate
 .text.prvInitialiseNewTask
                0x080056b4       0xf2 ./FreeRTOS-Kernel/tasks.o
 *fill*         0x080057a6        0x2 
 .text.prvAddNewTaskToReadyList
                0x080057a8       0xf0 ./FreeRTOS-Kernel/tasks.o
 .text.vTaskDelay
                0x08005898       0x4c ./FreeRTOS-Kernel/tasks.o
                0x08005898                vTaskDelay
 .text.prvCreateIdleTasks
                0x080058e4       0xd0 ./FreeRTOS-Kernel/tasks.o
 .text.vTaskStartScheduler
                0x080059b4       0x74 ./FreeRTOS-Kernel/tasks.o
                0x080059b4                vTaskStartScheduler
 .text.vTaskSuspendAll
                0x08005a28       0x1c ./FreeRTOS-Kernel/tasks.o
                0x08005a28                vTaskSuspendAll
 .text.prvGetExpectedIdleTime
                0x08005a44       0x9c ./FreeRTOS-Kernel/tasks.o
 .text.xTaskResumeAll
                0x08005ae0      0x1d4 ./FreeRTOS-Kernel/tasks.o
                0x08005ae0                xTaskResumeAll
 .text.xTaskGetTickCount
                0x08005cb4       0x2c ./FreeRTOS-Kernel/tasks.o
                0x08005cb4                xTaskGetTickCount
 .text.xTaskGetTickCountFromISR
                0x08005ce0       0x50 ./FreeRTOS-Kernel/tasks.o
                0x08005ce0                xTaskGetTickCountFromISR
 .text.uxTaskGetNumberOfTasks
                0x08005d30       0x18 ./FreeRTOS-Kernel/tasks.o
                0x08005d30                uxTaskGetNumberOfTasks
 .text.vTaskStepTick
                0x08005d48       0x94 ./FreeRTOS-Kernel/tasks.o
                0x08005d48                vTaskStepTick
 .text.xTaskIncrementTick
                0x08005ddc      0x1ec ./FreeRTOS-Kernel/tasks.o
                0x08005ddc                xTaskIncrementTick
 .text.vTaskSwitchContext
                0x08005fc8       0x94 ./FreeRTOS-Kernel/tasks.o
                0x08005fc8                vTaskSwitchContext
 .text.vTaskPlaceOnEventList
                0x0800605c       0x30 ./FreeRTOS-Kernel/tasks.o
                0x0800605c                vTaskPlaceOnEventList
 .text.vTaskPlaceOnEventListRestricted
                0x0800608c       0x78 ./FreeRTOS-Kernel/tasks.o
                0x0800608c                vTaskPlaceOnEventListRestricted
 .text.xTaskRemoveFromEventList
                0x08006104      0x180 ./FreeRTOS-Kernel/tasks.o
                0x08006104                xTaskRemoveFromEventList
 .text.vTaskInternalSetTimeOutState
                0x08006284       0x30 ./FreeRTOS-Kernel/tasks.o
                0x08006284                vTaskInternalSetTimeOutState
 .text.xTaskCheckForTimeOut
                0x080062b4       0xf8 ./FreeRTOS-Kernel/tasks.o
                0x080062b4                xTaskCheckForTimeOut
 .text.vTaskMissedYield
                0x080063ac       0x18 ./FreeRTOS-Kernel/tasks.o
                0x080063ac                vTaskMissedYield
 .text.prvIdleTask
                0x080063c4       0x5c ./FreeRTOS-Kernel/tasks.o
 .text.eTaskConfirmSleepModeStatus
                0x08006420       0x70 ./FreeRTOS-Kernel/tasks.o
                0x08006420                eTaskConfirmSleepModeStatus
 .text.prvInitialiseTaskLists
                0x08006490       0x78 ./FreeRTOS-Kernel/tasks.o
 .text.prvCheckTasksWaitingTermination
                0x08006508       0x5c ./FreeRTOS-Kernel/tasks.o
 .text.prvDeleteTCB
                0x08006564       0x3c ./FreeRTOS-Kernel/tasks.o
 .text.prvResetNextTaskUnblockTime
                0x080065a0       0x40 ./FreeRTOS-Kernel/tasks.o
 .text.xTaskPriorityDisinherit
                0x080065e0       0xe8 ./FreeRTOS-Kernel/tasks.o
                0x080065e0                xTaskPriorityDisinherit
 .text.ulTaskGenericNotifyTake
                0x080066c8       0xdc ./FreeRTOS-Kernel/tasks.o
                0x080066c8                ulTaskGenericNotifyTake
 .text.xTaskGenericNotify
                0x080067a4      0x194 ./FreeRTOS-Kernel/tasks.o
                0x080067a4                xTaskGenericNotify
 .text.vTaskGenericNotifyGiveFromISR
                0x08006938      0x1a4 ./FreeRTOS-Kernel/tasks.o
                0x08006938                vTaskGenericNotifyGiveFromISR
 .text.prvAddCurrentTaskToDelayedList
                0x08006adc      0x11c ./FreeRTOS-Kernel/tasks.o
 .text.vApplicationGetIdleTaskMemory
                0x08006bf8       0x34 ./FreeRTOS-Kernel/tasks.o
                0x08006bf8                vApplicationGetIdleTaskMemory
 .text.vApplicationGetTimerTaskMemory
                0x08006c2c       0x34 ./FreeRTOS-Kernel/tasks.o
                0x08006c2c                vApplicationGetTimerTaskMemory
 .text.xTimerCreateTimerTask
                0x08006c60       0x74 ./FreeRTOS-Kernel/timers.o
                0x08006c60                xTimerCreateTimerTask
 .text.prvReloadTimer
                0x08006cd4       0x6a ./FreeRTOS-Kernel/timers.o
 *fill*         0x08006d3e        0x2 
 .text.prvProcessExpiredTimer
                0x08006d40       0x6c ./FreeRTOS-Kernel/timers.o
 .text.prvTimerTask
                0x08006dac       0x2a ./FreeRTOS-Kernel/timers.o
 *fill*         0x08006dd6        0x2 
 .text.prvProcessTimerOrBlockTask
                0x08006dd8       0xb8 ./FreeRTOS-Kernel/timers.o
 .text.prvGetNextExpireTime
                0x08006e90       0x58 ./FreeRTOS-Kernel/timers.o
 .text.prvSampleTimeNow
                0x08006ee8       0x50 ./FreeRTOS-Kernel/timers.o
 .text.prvInsertTimerInActiveList
                0x08006f38       0xac ./FreeRTOS-Kernel/timers.o
 .text.prvProcessReceivedCommands
                0x08006fe4      0x1e4 ./FreeRTOS-Kernel/timers.o
 .text.prvSwitchTimerLists
                0x080071c8       0x54 ./FreeRTOS-Kernel/timers.o
 .text.prvCheckForValidListAndQueue
                0x0800721c       0x68 ./FreeRTOS-Kernel/timers.o
 .text.pxPortInitialiseStack
                0x08007284       0x68 ./FreeRTOS-Kernel/portable/GCC/ARM_CM4F/port.o
                0x08007284                pxPortInitialiseStack
 .text.prvTaskExitError
                0x080072ec       0x34 ./FreeRTOS-Kernel/portable/GCC/ARM_CM4F/port.o
 .text.SVC_Handler
                0x08007320       0x28 ./FreeRTOS-Kernel/portable/GCC/ARM_CM4F/port.o
                0x08007320                SVC_Handler
 .text.prvPortStartFirstTask
                0x08007348       0x2c ./FreeRTOS-Kernel/portable/GCC/ARM_CM4F/port.o
 .text.xPortStartScheduler
                0x08007374       0x70 ./FreeRTOS-Kernel/portable/GCC/ARM_CM4F/port.o
                0x08007374                xPortStartScheduler
 .text.vPortEnterCritical
                0x080073e4       0x34 ./FreeRTOS-Kernel/portable/GCC/ARM_CM4F/port.o
                0x080073e4                vPortEnterCritical
 .text.vPortExitCritical
                0x08007418       0x34 ./FreeRTOS-Kernel/portable/GCC/ARM_CM4F/port.o
                0x08007418                vPortExitCritical
 *fill*         0x0800744c        0x4 
 .text.PendSV_Handler
                0x08007450       0x68 ./FreeRTOS-Kernel/portable/GCC/ARM_CM4F/port.o
                0x08007450                PendSV_Handler
 .text.SysTick_Handler
                0x080074b8       0x44 ./FreeRTOS-Kernel/portable/GCC/ARM_CM4F/port.o
                0x080074b8                SysTick_Handler
 .text.vPortSuppressTicksAndSleep
                0x080074fc      0x1c4 ./FreeRTOS-Kernel/portable/GCC/ARM_CM4F/port.o
                0x080074fc                vPortSuppressTicksAndSleep
 .text.vPortSetupTimerInterrupt
                0x080076c0       0x64 ./FreeRTOS-Kernel/portable/GCC/ARM_CM4F/port.o
                0x080076c0                vPortSetupTimerInterrupt
 .text.vPortEnableVFP
                0x08007724       0x18 ./FreeRTOS-Kernel/portable/GCC/ARM_CM4F/port.o
 .text.pvPortMalloc
                0x0800773c      0x15c ./FreeRTOS-Kernel/portable/MemMang/heap_4.o
                0x0800773c                pvPortMalloc
 .text.vPortFree
                0x08007898       0x7c ./FreeRTOS-Kernel/portable/MemMang/heap_4.o
                0x08007898                vPortFree
 .text.prvHeapInit
                0x08007914       0xb4 ./FreeRTOS-Kernel/portable/MemMang/heap_4.o
 .text.prvInsertBlockIntoFreeList
                0x080079c8       0xb4 ./FreeRTOS-Kernel/portable/MemMang/heap_4.o
 .text.std      0x08007a7c       0x6c C:/ST/STM32CubeIDE_1.16.0/STM32CubeIDE/plugins/com.st.stm32cube.ide.mcu.externaltools.gnu-tools-for-stm32.12.3.rel1.win32_1.0.200.202406191623/tools/bin/../lib/gcc/arm-none-eabi/12.3.1/../../../../arm-none-eabi/lib/thumb/v7e-m+fp/hard\libc_nano.a(libc_a-findfp.o)
 .text.stdio_exit_handler
                0x08007ae8       0x18 C:/ST/STM32CubeIDE_1.16.0/STM32CubeIDE/plugins/com.st.stm32cube.ide.mcu.externaltools.gnu-tools-for-stm32.12.3.rel1.win32_1.0.200.202406191623/tools/bin/../lib/gcc/arm-none-eabi/12.3.1/../../../../arm-none-eabi/lib/thumb/v7e-m+fp/hard\libc_nano.a(libc_a-findfp.o)
 .text.cleanup_stdio
                0x08007b00       0x40 C:/ST/STM32CubeIDE_1.16.0/STM32CubeIDE/plugins/com.st.stm32cube.ide.mcu.externaltools.gnu-tools-for-stm32.12.3.rel1.win32_1.0.200.202406191623/tools/bin/../lib/gcc/arm-none-eabi/12.3.1/../../../../arm-none-eabi/lib/thumb/v7e-m+fp/hard\libc_nano.a(libc_a-findfp.o)
 .text.global_stdio_init.part.0
                0x08007b40       0x3c C:/ST/STM32CubeIDE_1.16.0/STM32CubeIDE/plugins/com.st.stm32cube.ide.mcu.externaltools.gnu-tools-for-stm32.12.3.rel1.win32_1.0.200.202406191623/tools/bin/../lib/gcc/arm-none-eabi/12.3.1/../../../../arm-none-eabi/lib/thumb/v7e-m+fp/hard\libc_nano.a(libc_a-findfp.o)
 .text.__sfp_lock_acquire
                0x08007b7c        0xc C:/ST/STM32CubeIDE_1.16.0/STM32CubeIDE/plugins/com.st.stm32cube.ide.mcu.externaltools.gnu-tools-for-stm32.12.3.rel1.win32_1.0.200.202406191623/tools/bin/../lib/gcc/arm-none-eabi/12.3.1/../../../../arm-none-eabi/lib/thumb/v7e-m+fp/hard\libc_nano.a(libc_a-findfp.o)
                0x08007b7c                __sfp_lock_acquire
 .text.__sfp_lock_release
                0x08007b88        0xc C:/ST/STM32CubeIDE_1.16.0/STM32CubeIDE/plugins/com.st.stm32cube.ide.mcu.externaltools.gnu-tools-for-stm32.12.3.rel1.win32_1.0.200.202406191623/tools/bin/../lib/gcc/arm-none-eabi/12.3.1/../../../../arm-none-eabi/lib/thumb/v7e-m+fp/hard\libc_nano.a(libc_a-findfp.o)
                0x08007b88                __sfp_lock_release
 .text.__sinit  0x08007b94       0x30 C:/ST/STM32CubeIDE_1.16.0/STM32CubeIDE/plugins/com.st.stm32cube.ide.mcu.externaltools.gnu-tools-for-stm32.12.3.rel1.win32_1.0.200.202406191623/tools/bin/../lib/gcc/arm-none-eabi/12.3.1/../../../../arm-none-eabi/lib/thumb/v7e-m+fp/hard\libc_nano.a(libc_a-findfp.o)
                0x08007b94                __sinit
 .text._fwalk_sglue
                0x08007bc4       0x3c C:/ST/STM32CubeIDE_1.16.0/STM32CubeIDE/plugins/com.st.stm32cube.ide.mcu.externaltools.gnu-tools-for-stm32.12.3.rel1.win32_1.0.200.202406191623/tools/bin/../lib/gcc/arm-none-eabi/12.3.1/../../../../arm-none-eabi/lib/thumb/v7e-m+fp/hard\libc_nano.a(libc_a-fwalk.o)
                0x08007bc4                _fwalk_sglue
 .text.printf   0x08007c00       0x24 C:/ST/STM32CubeIDE_1.16.0/STM32CubeIDE/plugins/com.st.stm32cube.ide.mcu.externaltools.gnu-tools-for-stm32.12.3.rel1.win32_1.0.200.202406191623/tools/bin/../lib/gcc/arm-none-eabi/12.3.1/../../../../arm-none-eabi/lib/thumb/v7e-m+fp/hard\libc_nano.a(libc_a-printf.o)
                0x08007c00                iprintf
                0x08007c00                printf
 .text.putchar  0x08007c24       0x10 C:/ST/STM32CubeIDE_1.16.0/STM32CubeIDE/plugins/com.st.stm32cube.ide.mcu.externaltools.gnu-tools-for-stm32.12.3.rel1.win32_1.0.200.202406191623/tools/bin/../lib/gcc/arm-none-eabi/12.3.1/../../../../arm-none-eabi/lib/thumb/v7e-m+fp/hard\libc_nano.a(libc_a-putchar.o)
                0x08007c24                putchar
 .text._puts_r  0x08007c34       0xaa C:/ST/STM32CubeIDE_1.16.0/STM32CubeIDE/plugins/com.st.stm32cube.ide.mcu.externaltools.gnu-tools-for-stm32.12.3.rel1.win32_1.0.200.202406191623/tools/bin/../lib/gcc/arm-none-eabi/12.3.1/../../../../arm-none-eabi/lib/thumb/v7e-m+fp/hard\libc_nano.a(libc_a-puts.o)
                0x08007c34                _puts_r
 *fill*         0x08007cde        0x2 
 .text.puts     0x08007ce0       0x10 C:/ST/STM32CubeIDE_1.16.0/STM32CubeIDE/plugins/com.st.stm32cube.ide.mcu.externaltools.gnu-tools-for-stm32.12.3.rel1.win32_1.0.200.202406191623/tools/bin/../lib/gcc/arm-none-eabi/12.3.1/../../../../arm-none-eabi/lib/thumb/v7e-m+fp/hard\libc_nano.a(libc_a-puts.o)
                0x08007ce0                puts
 .text.sprintf  0x08007cf0       0x40 C:/ST/STM32CubeIDE_1.16.0/STM32CubeIDE/plugins/com.st.stm32cube.ide.mcu.externaltools.gnu-tools-for-stm32.12.3.rel1.win32_1.0.200.202406191623/tools/bin/../lib/gcc/arm-none-eabi/12.3.1/../../../../arm-none-eabi/lib/thumb/v7e-m+fp/hard\libc_nano.a(libc_a-sprintf.o)
                0x08007cf0                siprintf
                0x08007cf0                sprintf
 .text.__sread  0x08007d30       0x22 C:/ST/STM32CubeIDE_1.16.0/STM32CubeIDE/plugins/com.st.stm32cube.ide.mcu.externaltools.gnu-tools-for-stm32.12.3.rel1.win32_1.0.200.202406191623/tools/bin/../lib/gcc/arm-none-eabi/12.3.1/../../../../arm-none-eabi/lib/thumb/v7e-m+fp/hard\libc_nano.a(libc_a-stdio.o)
                0x08007d30                __sread
 .text.__swrite
                0x08007d52       0x38 C:/ST/STM32CubeIDE_1.16.0/STM32CubeIDE/plugins/com.st.stm32cube.ide.mcu.externaltools.gnu-tools-for-stm32.12.3.rel1.win32_1.0.200.202406191623/tools/bin/../lib/gcc/arm-none-eabi/12.3.1/../../../../arm-none-eabi/lib/thumb/v7e-m+fp/hard\libc_nano.a(libc_a-stdio.o)
                0x08007d52                __swrite
 .text.__sseek  0x08007d8a       0x24 C:/ST/STM32CubeIDE_1.16.0/STM32CubeIDE/plugins/com.st.stm32cube.ide.mcu.externaltools.gnu-tools-for-stm32.12.3.rel1.win32_1.0.200.202406191623/tools/bin/../lib/gcc/arm-none-eabi/12.3.1/../../../../arm-none-eabi/lib/thumb/v7e-m+fp/hard\libc_nano.a(libc_a-stdio.o)
                0x08007d8a                __sseek
 .text.__sclose
                0x08007dae        0x8 C:/ST/STM32CubeIDE_1.16.0/STM32CubeIDE/plugins/com.st.stm32cube.ide.mcu.externaltools.gnu-tools-for-stm32.12.3.rel1.win32_1.0.200.202406191623/tools/bin/../lib/gcc/arm-none-eabi/12.3.1/../../../../arm-none-eabi/lib/thumb/v7e-m+fp/hard\libc_nano.a(libc_a-stdio.o)
                0x08007dae                __sclose
 .text.__swbuf_r
                0x08007db6       0x7c C:/ST/STM32CubeIDE_1.16.0/STM32CubeIDE/plugins/com.st.stm32cube.ide.mcu.externaltools.gnu-tools-for-stm32.12.3.rel1.win32_1.0.200.202406191623/tools/bin/../lib/gcc/arm-none-eabi/12.3.1/../../../../arm-none-eabi/lib/thumb/v7e-m+fp/hard\libc_nano.a(libc_a-wbuf.o)
                0x08007db6                __swbuf_r
 *fill*         0x08007e32        0x2 
 .text.__swsetup_r
                0x08007e34       0xac C:/ST/STM32CubeIDE_1.16.0/STM32CubeIDE/plugins/com.st.stm32cube.ide.mcu.externaltools.gnu-tools-for-stm32.12.3.rel1.win32_1.0.200.202406191623/tools/bin/../lib/gcc/arm-none-eabi/12.3.1/../../../../arm-none-eabi/lib/thumb/v7e-m+fp/hard\libc_nano.a(libc_a-wsetup.o)
                0x08007e34                __swsetup_r
 .text.memset   0x08007ee0       0x10 C:/ST/STM32CubeIDE_1.16.0/STM32CubeIDE/plugins/com.st.stm32cube.ide.mcu.externaltools.gnu-tools-for-stm32.12.3.rel1.win32_1.0.200.202406191623/tools/bin/../lib/gcc/arm-none-eabi/12.3.1/../../../../arm-none-eabi/lib/thumb/v7e-m+fp/hard\libc_nano.a(libc_a-memset.o)
                0x08007ee0                memset
 .text._close_r
                0x08007ef0       0x20 C:/ST/STM32CubeIDE_1.16.0/STM32CubeIDE/plugins/com.st.stm32cube.ide.mcu.externaltools.gnu-tools-for-stm32.12.3.rel1.win32_1.0.200.202406191623/tools/bin/../lib/gcc/arm-none-eabi/12.3.1/../../../../arm-none-eabi/lib/thumb/v7e-m+fp/hard\libc_nano.a(libc_a-closer.o)
                0x08007ef0                _close_r
 .text._lseek_r
                0x08007f10       0x24 C:/ST/STM32CubeIDE_1.16.0/STM32CubeIDE/plugins/com.st.stm32cube.ide.mcu.externaltools.gnu-tools-for-stm32.12.3.rel1.win32_1.0.200.202406191623/tools/bin/../lib/gcc/arm-none-eabi/12.3.1/../../../../arm-none-eabi/lib/thumb/v7e-m+fp/hard\libc_nano.a(libc_a-lseekr.o)
                0x08007f10                _lseek_r
 .text._read_r  0x08007f34       0x24 C:/ST/STM32CubeIDE_1.16.0/STM32CubeIDE/plugins/com.st.stm32cube.ide.mcu.externaltools.gnu-tools-for-stm32.12.3.rel1.win32_1.0.200.202406191623/tools/bin/../lib/gcc/arm-none-eabi/12.3.1/../../../../arm-none-eabi/lib/thumb/v7e-m+fp/hard\libc_nano.a(libc_a-readr.o)
                0x08007f34                _read_r
 .text._write_r
                0x08007f58       0x24 C:/ST/STM32CubeIDE_1.16.0/STM32CubeIDE/plugins/com.st.stm32cube.ide.mcu.externaltools.gnu-tools-for-stm32.12.3.rel1.win32_1.0.200.202406191623/tools/bin/../lib/gcc/arm-none-eabi/12.3.1/../../../../arm-none-eabi/lib/thumb/v7e-m+fp/hard\libc_nano.a(libc_a-writer.o)
                0x08007f58                _write_r
 .text.__libc_init_array
                0x08007f7c       0x48 C:/ST/STM32CubeIDE_1.16.0/STM32CubeIDE/plugins/com.st.stm32cube.ide.mcu.externaltools.gnu-tools-for-stm32.12.3.rel1.win32_1.0.200.202406191623/tools/bin/../lib/gcc/arm-none-eabi/12.3.1/../../../../arm-none-eabi/lib/thumb/v7e-m+fp/hard\libc_nano.a(libc_a-init.o)
                0x08007f7c                __libc_init_array
 .text.__retarget_lock_init_recursive
                0x08007fc4        0x2 C:/ST/STM32CubeIDE_1.16.0/STM32CubeIDE/plugins/com.st.stm32cube.ide.mcu.externaltools.gnu-tools-for-stm32.12.3.rel1.win32_1.0.200.202406191623/tools/bin/../lib/gcc/arm-none-eabi/12.3.1/../../../../arm-none-eabi/lib/thumb/v7e-m+fp/hard\libc_nano.a(libc_a-lock.o)
                0x08007fc4                __retarget_lock_init_recursive
 .text.__retarget_lock_acquire_recursive
                0x08007fc6        0x2 C:/ST/STM32CubeIDE_1.16.0/STM32CubeIDE/plugins/com.st.stm32cube.ide.mcu.externaltools.gnu-tools-for-stm32.12.3.rel1.win32_1.0.200.202406191623/tools/bin/../lib/gcc/arm-none-eabi/12.3.1/../../../../arm-none-eabi/lib/thumb/v7e-m+fp/hard\libc_nano.a(libc_a-lock.o)
                0x08007fc6                __retarget_lock_acquire_recursive
 .text.__retarget_lock_release_recursive
                0x08007fc8        0x2 C:/ST/STM32CubeIDE_1.16.0/STM32CubeIDE/plugins/com.st.stm32cube.ide.mcu.externaltools.gnu-tools-for-stm32.12.3.rel1.win32_1.0.200.202406191623/tools/bin/../lib/gcc/arm-none-eabi/12.3.1/../../../../arm-none-eabi/lib/thumb/v7e-m+fp/hard\libc_nano.a(libc_a-lock.o)
                0x08007fc8                __retarget_lock_release_recursive
 .text.memcpy   0x08007fca       0x1c C:/ST/STM32CubeIDE_1.16.0/STM32CubeIDE/plugins/com.st.stm32cube.ide.mcu.externaltools.gnu-tools-for-stm32.12.3.rel1.win32_1.0.200.202406191623/tools/bin/../lib/gcc/arm-none-eabi/12.3.1/../../../../arm-none-eabi/lib/thumb/v7e-m+fp/hard\libc_nano.a(libc_a-memcpy-stub.o)
                0x08007fca                memcpy
 *fill*         0x08007fe6        0x2 
 .text._free_r  0x08007fe8       0x94 C:/ST/STM32CubeIDE_1.16.0/STM32CubeIDE/plugins/com.st.stm32cube.ide.mcu.externaltools.gnu-tools-for-stm32.12.3.rel1.win32_1.0.200.202406191623/tools/bin/../lib/gcc/arm-none-eabi/12.3.1/../../../../arm-none-eabi/lib/thumb/v7e-m+fp/hard\libc_nano.a(libc_a-freer.o)
                0x08007fe8                _free_r
 .text.sbrk_aligned
                0x0800807c       0x44 C:/ST/STM32CubeIDE_1.16.0/STM32CubeIDE/plugins/com.st.stm32cube.ide.mcu.externaltools.gnu-tools-for-stm32.12.3.rel1.win32_1.0.200.202406191623/tools/bin/../lib/gcc/arm-none-eabi/12.3.1/../../../../arm-none-eabi/lib/thumb/v7e-m+fp/hard\libc_nano.a(libc_a-mallocr.o)
 .text._malloc_r
                0x080080c0      0x100 C:/ST/STM32CubeIDE_1.16.0/STM32CubeIDE/plugins/com.st.stm32cube.ide.mcu.externaltools.gnu-tools-for-stm32.12.3.rel1.win32_1.0.200.202406191623/tools/bin/../lib/gcc/arm-none-eabi/12.3.1/../../../../arm-none-eabi/lib/thumb/v7e-m+fp/hard\libc_nano.a(libc_a-mallocr.o)
                0x080080c0                _malloc_r
 .text.__malloc_lock
                0x080081c0        0xc C:/ST/STM32CubeIDE_1.16.0/STM32CubeIDE/plugins/com.st.stm32cube.ide.mcu.externaltools.gnu-tools-for-stm32.12.3.rel1.win32_1.0.200.202406191623/tools/bin/../lib/gcc/arm-none-eabi/12.3.1/../../../../arm-none-eabi/lib/thumb/v7e-m+fp/hard\libc_nano.a(libc_a-mlock.o)
                0x080081c0                __malloc_lock
 .text.__malloc_unlock
                0x080081cc        0xc C:/ST/STM32CubeIDE_1.16.0/STM32CubeIDE/plugins/com.st.stm32cube.ide.mcu.externaltools.gnu-tools-for-stm32.12.3.rel1.win32_1.0.200.202406191623/tools/bin/../lib/gcc/arm-none-eabi/12.3.1/../../../../arm-none-eabi/lib/thumb/v7e-m+fp/hard\libc_nano.a(libc_a-mlock.o)
                0x080081cc                __malloc_unlock
 .text.__ssputs_r
                0x080081d8       0xb6 C:/ST/STM32CubeIDE_1.16.0/STM32CubeIDE/plugins/com.st.stm32cube.ide.mcu.externaltools.gnu-tools-for-stm32.12.3.rel1.win32_1.0.200.202406191623/tools/bin/../lib/gcc/arm-none-eabi/12.3.1/../../../../arm-none-eabi/lib/thumb/v7e-m+fp/hard\libc_nano.a(libc_a-nano-svfprintf.o)
                0x080081d8                __ssputs_r
 *fill*         0x0800828e        0x2 
 .text._svfprintf_r
                0x08008290      0x1f8 C:/ST/STM32CubeIDE_1.16.0/STM32CubeIDE/plugins/com.st.stm32cube.ide.mcu.externaltools.gnu-tools-for-stm32.12.3.rel1.win32_1.0.200.202406191623/tools/bin/../lib/gcc/arm-none-eabi/12.3.1/../../../../arm-none-eabi/lib/thumb/v7e-m+fp/hard\libc_nano.a(libc_a-nano-svfprintf.o)
                0x08008290                _svfiprintf_r
                0x08008290                _svfprintf_r
 .text.__sfputc_r
                0x08008488       0x2e C:/ST/STM32CubeIDE_1.16.0/STM32CubeIDE/plugins/com.st.stm32cube.ide.mcu.externaltools.gnu-tools-for-stm32.12.3.rel1.win32_1.0.200.202406191623/tools/bin/../lib/gcc/arm-none-eabi/12.3.1/../../../../arm-none-eabi/lib/thumb/v7e-m+fp/hard\libc_nano.a(libc_a-nano-vfprintf.o)
 .text.__sfputs_r
                0x080084b6       0x24 C:/ST/STM32CubeIDE_1.16.0/STM32CubeIDE/plugins/com.st.stm32cube.ide.mcu.externaltools.gnu-tools-for-stm32.12.3.rel1.win32_1.0.200.202406191623/tools/bin/../lib/gcc/arm-none-eabi/12.3.1/../../../../arm-none-eabi/lib/thumb/v7e-m+fp/hard\libc_nano.a(libc_a-nano-vfprintf.o)
                0x080084b6                __sfputs_r
 *fill*         0x080084da        0x2 
 .text._vfprintf_r
                0x080084dc      0x230 C:/ST/STM32CubeIDE_1.16.0/STM32CubeIDE/plugins/com.st.stm32cube.ide.mcu.externaltools.gnu-tools-for-stm32.12.3.rel1.win32_1.0.200.202406191623/tools/bin/../lib/gcc/arm-none-eabi/12.3.1/../../../../arm-none-eabi/lib/thumb/v7e-m+fp/hard\libc_nano.a(libc_a-nano-vfprintf.o)
                0x080084dc                _vfprintf_r
                0x080084dc                _vfiprintf_r
 .text._printf_common
                0x0800870c       0xda C:/ST/STM32CubeIDE_1.16.0/STM32CubeIDE/plugins/com.st.stm32cube.ide.mcu.externaltools.gnu-tools-for-stm32.12.3.rel1.win32_1.0.200.202406191623/tools/bin/../lib/gcc/arm-none-eabi/12.3.1/../../../../arm-none-eabi/lib/thumb/v7e-m+fp/hard\libc_nano.a(libc_a-nano-vfprintf_i.o)
                0x0800870c                _printf_common
 *fill*         0x080087e6        0x2 
 .text._printf_i
                0x080087e8      0x240 C:/ST/STM32CubeIDE_1.16.0/STM32CubeIDE/plugins/com.st.stm32cube.ide.mcu.externaltools.gnu-tools-for-stm32.12.3.rel1.win32_1.0.200.202406191623/tools/bin/../lib/gcc/arm-none-eabi/12.3.1/../../../../arm-none-eabi/lib/thumb/v7e-m+fp/hard\libc_nano.a(libc_a-nano-vfprintf_i.o)
                0x080087e8                _printf_i
 .text.__sflush_r
                0x08008a28      0x108 C:/ST/STM32CubeIDE_1.16.0/STM32CubeIDE/plugins/com.st.stm32cube.ide.mcu.externaltools.gnu-tools-for-stm32.12.3.rel1.win32_1.0.200.202406191623/tools/bin/../lib/gcc/arm-none-eabi/12.3.1/../../../../arm-none-eabi/lib/thumb/v7e-m+fp/hard\libc_nano.a(libc_a-fflush.o)
                0x08008a28                __sflush_r
 .text._fflush_r
                0x08008b30       0x50 C:/ST/STM32CubeIDE_1.16.0/STM32CubeIDE/plugins/com.st.stm32cube.ide.mcu.externaltools.gnu-tools-for-stm32.12.3.rel1.win32_1.0.200.202406191623/tools/bin/../lib/gcc/arm-none-eabi/12.3.1/../../../../arm-none-eabi/lib/thumb/v7e-m+fp/hard\libc_nano.a(libc_a-fflush.o)
                0x08008b30                _fflush_r
 .text.__swhatbuf_r
                0x08008b80       0x4c C:/ST/STM32CubeIDE_1.16.0/STM32CubeIDE/plugins/com.st.stm32cube.ide.mcu.externaltools.gnu-tools-for-stm32.12.3.rel1.win32_1.0.200.202406191623/tools/bin/../lib/gcc/arm-none-eabi/12.3.1/../../../../arm-none-eabi/lib/thumb/v7e-m+fp/hard\libc_nano.a(libc_a-makebuf.o)
                0x08008b80                __swhatbuf_r
 .text.__smakebuf_r
                0x08008bcc       0x78 C:/ST/STM32CubeIDE_1.16.0/STM32CubeIDE/plugins/com.st.stm32cube.ide.mcu.externaltools.gnu-tools-for-stm32.12.3.rel1.win32_1.0.200.202406191623/tools/bin/../lib/gcc/arm-none-eabi/12.3.1/../../../../arm-none-eabi/lib/thumb/v7e-m+fp/hard\libc_nano.a(libc_a-makebuf.o)
                0x08008bcc                __smakebuf_r
 .text._putc_r  0x08008c44       0x68 C:/ST/STM32CubeIDE_1.16.0/STM32CubeIDE/plugins/com.st.stm32cube.ide.mcu.externaltools.gnu-tools-for-stm32.12.3.rel1.win32_1.0.200.202406191623/tools/bin/../lib/gcc/arm-none-eabi/12.3.1/../../../../arm-none-eabi/lib/thumb/v7e-m+fp/hard\libc_nano.a(libc_a-putc.o)
                0x08008c44                _putc_r
 .text.memmove  0x08008cac       0x34 C:/ST/STM32CubeIDE_1.16.0/STM32CubeIDE/plugins/com.st.stm32cube.ide.mcu.externaltools.gnu-tools-for-stm32.12.3.rel1.win32_1.0.200.202406191623/tools/bin/../lib/gcc/arm-none-eabi/12.3.1/../../../../arm-none-eabi/lib/thumb/v7e-m+fp/hard\libc_nano.a(libc_a-memmove.o)
                0x08008cac                memmove
 .text._fstat_r
                0x08008ce0       0x24 C:/ST/STM32CubeIDE_1.16.0/STM32CubeIDE/plugins/com.st.stm32cube.ide.mcu.externaltools.gnu-tools-for-stm32.12.3.rel1.win32_1.0.200.202406191623/tools/bin/../lib/gcc/arm-none-eabi/12.3.1/../../../../arm-none-eabi/lib/thumb/v7e-m+fp/hard\libc_nano.a(libc_a-fstatr.o)
                0x08008ce0                _fstat_r
 .text._isatty_r
                0x08008d04       0x20 C:/ST/STM32CubeIDE_1.16.0/STM32CubeIDE/plugins/com.st.stm32cube.ide.mcu.externaltools.gnu-tools-for-stm32.12.3.rel1.win32_1.0.200.202406191623/tools/bin/../lib/gcc/arm-none-eabi/12.3.1/../../../../arm-none-eabi/lib/thumb/v7e-m+fp/hard\libc_nano.a(libc_a-isattyr.o)
                0x08008d04                _isatty_r
 .text._sbrk_r  0x08008d24       0x20 C:/ST/STM32CubeIDE_1.16.0/STM32CubeIDE/plugins/com.st.stm32cube.ide.mcu.externaltools.gnu-tools-for-stm32.12.3.rel1.win32_1.0.200.202406191623/tools/bin/../lib/gcc/arm-none-eabi/12.3.1/../../../../arm-none-eabi/lib/thumb/v7e-m+fp/hard\libc_nano.a(libc_a-sbrkr.o)
                0x08008d24                _sbrk_r
 .text._realloc_r
                0x08008d44       0x5c C:/ST/STM32CubeIDE_1.16.0/STM32CubeIDE/plugins/com.st.stm32cube.ide.mcu.externaltools.gnu-tools-for-stm32.12.3.rel1.win32_1.0.200.202406191623/tools/bin/../lib/gcc/arm-none-eabi/12.3.1/../../../../arm-none-eabi/lib/thumb/v7e-m+fp/hard\libc_nano.a(libc_a-reallocr.o)
                0x08008d44                _realloc_r
 .text._malloc_usable_size_r
                0x08008da0       0x10 C:/ST/STM32CubeIDE_1.16.0/STM32CubeIDE/plugins/com.st.stm32cube.ide.mcu.externaltools.gnu-tools-for-stm32.12.3.rel1.win32_1.0.200.202406191623/tools/bin/../lib/gcc/arm-none-eabi/12.3.1/../../../../arm-none-eabi/lib/thumb/v7e-m+fp/hard\libc_nano.a(libc_a-msizer.o)
                0x08008da0                _malloc_usable_size_r
 .text._sbrk    0x08008db0       0x1c C:/ST/STM32CubeIDE_1.16.0/STM32CubeIDE/plugins/com.st.stm32cube.ide.mcu.externaltools.gnu-tools-for-stm32.12.3.rel1.win32_1.0.200.202406191623/tools/bin/../lib/gcc/arm-none-eabi/12.3.1/../../../../arm-none-eabi/lib/thumb/v7e-m+fp/hard\libnosys.a(sbrk.o)
                0x08008db0                _sbrk
 *(.glue_7)
 .glue_7        0x08008dcc        0x0 linker stubs
 *(.glue_7t)
 .glue_7t       0x08008dcc        0x0 linker stubs
 *(.eh_frame)
 .eh_frame      0x08008dcc        0x0 C:/ST/STM32CubeIDE_1.16.0/STM32CubeIDE/plugins/com.st.stm32cube.ide.mcu.externaltools.gnu-tools-for-stm32.12.3.rel1.win32_1.0.200.202406191623/tools/bin/../lib/gcc/arm-none-eabi/12.3.1/thumb/v7e-m+fp/hard/crtbegin.o
 *(.init)
 .init          0x08008dcc        0x4 C:/ST/STM32CubeIDE_1.16.0/STM32CubeIDE/plugins/com.st.stm32cube.ide.mcu.externaltools.gnu-tools-for-stm32.12.3.rel1.win32_1.0.200.202406191623/tools/bin/../lib/gcc/arm-none-eabi/12.3.1/thumb/v7e-m+fp/hard/crti.o
                0x08008dcc                _init
 .init          0x08008dd0        0x8 C:/ST/STM32CubeIDE_1.16.0/STM32CubeIDE/plugins/com.st.stm32cube.ide.mcu.externaltools.gnu-tools-for-stm32.12.3.rel1.win32_1.0.200.202406191623/tools/bin/../lib/gcc/arm-none-eabi/12.3.1/thumb/v7e-m+fp/hard/crtn.o
 *(.fini)
 .fini          0x08008dd8        0x4 C:/ST/STM32CubeIDE_1.16.0/STM32CubeIDE/plugins/com.st.stm32cube.ide.mcu.externaltools.gnu-tools-for-stm32.12.3.rel1.win32_1.0.200.202406191623/tools/bin/../lib/gcc/arm-none-eabi/12.3.1/thumb/v7e-m+fp/hard/crti.o
                0x08008dd8                _fini
 .fini          0x08008ddc        0x8 C:/ST/STM32CubeIDE_1.16.0/STM32CubeIDE/plugins/com.st.stm32cube.ide.mcu.externaltools.gnu-tools-for-stm32.12.3.rel1.win32_1.0.200.202406191623/tools/bin/../lib/gcc/arm-none-eabi/12.3.1/thumb/v7e-m+fp/hard/crtn.o
                0x08008de4                        . = ALIGN (0x4)
                0x08008de4                        _etext = .

.vfp11_veneer   0x08008de4        0x0
 .vfp11_veneer  0x08008de4        0x0 linker stubs

.v4_bx          0x08008de4        0x0
 .v4_bx         0x08008de4        0x0 linker stubs

.iplt           0x08008de4        0x0
 .iplt          0x08008de4        0x0 C:/ST/STM32CubeIDE_1.16.0/STM32CubeIDE/plugins/com.st.stm32cube.ide.mcu.externaltools.gnu-tools-for-stm32.12.3.rel1.win32_1.0.200.202406191623/tools/bin/../lib/gcc/arm-none-eabi/12.3.1/thumb/v7e-m+fp/hard/crtbegin.o

.rodata         0x08008de4      0x6bc
                0x08008de4                        . = ALIGN (0x4)
 *(.rodata)
 .rodata        0x08008de4      0x4c2 ./Core/Src/main.o
 *fill*         0x080092a6        0x2 
 .rodata        0x080092a8        0xd ./Core/Src/stm32f4xx_it.o
 *fill*         0x080092b5        0x3 
 .rodata        0x080092b8      0x13b ./Core/Src/watch.o
 *fill*         0x080093f3        0x1 
 .rodata        0x080093f4        0x5 ./FreeRTOS-Kernel/tasks.o
 *fill*         0x080093f9        0x3 
 .rodata        0x080093fc        0x8 ./FreeRTOS-Kernel/timers.o
 *(.rodata*)
 .rodata.__func__.3
                0x08009404       0x11 ./Core/Src/main.o
 *fill*         0x08009415        0x3 
 .rodata.__func__.2
                0x08009418       0x12 ./Core/Src/main.o
 *fill*         0x0800942a        0x2 
 .rodata.__func__.1
                0x0800942c       0x13 ./Core/Src/main.o
 *fill*         0x0800943f        0x1 
 .rodata.__func__.0
                0x08009440       0x14 ./Core/Src/main.o
 .rodata.AHBPrescTable
                0x08009454       0x10 ./Core/Src/system_stm32f4xx.o
                0x08009454                AHBPrescTable
 .rodata.APBPrescTable
                0x08009464        0x8 ./Core/Src/system_stm32f4xx.o
                0x08009464                APBPrescTable
 .rodata._svfprintf_r.str1.1
                0x0800946c       0x11 C:/ST/STM32CubeIDE_1.16.0/STM32CubeIDE/plugins/com.st.stm32cube.ide.mcu.externaltools.gnu-tools-for-stm32.12.3.rel1.win32_1.0.200.202406191623/tools/bin/../lib/gcc/arm-none-eabi/12.3.1/../../../../arm-none-eabi/lib/thumb/v7e-m+fp/hard\libc_nano.a(libc_a-nano-svfprintf.o)
 .rodata._vfprintf_r.str1.1
                0x0800947d       0x11 C:/ST/STM32CubeIDE_1.16.0/STM32CubeIDE/plugins/com.st.stm32cube.ide.mcu.externaltools.gnu-tools-for-stm32.12.3.rel1.win32_1.0.200.202406191623/tools/bin/../lib/gcc/arm-none-eabi/12.3.1/../../../../arm-none-eabi/lib/thumb/v7e-m+fp/hard\libc_nano.a(libc_a-nano-vfprintf.o)
 .rodata._printf_i.str1.1
                0x0800947d       0x22 C:/ST/STM32CubeIDE_1.16.0/STM32CubeIDE/plugins/com.st.stm32cube.ide.mcu.externaltools.gnu-tools-for-stm32.12.3.rel1.win32_1.0.200.202406191623/tools/bin/../lib/gcc/arm-none-eabi/12.3.1/../../../../arm-none-eabi/lib/thumb/v7e-m+fp/hard\libc_nano.a(libc_a-nano-vfprintf_i.o)
                0x080094a0                        . = ALIGN (0x4)
 *fill*         0x0800949f        0x1 

.ARM.extab      0x080094a0        0x0
                0x080094a0                        . = ALIGN (0x4)
 *(.ARM.extab* .gnu.linkonce.armextab.*)
                0x080094a0                        . = ALIGN (0x4)

.ARM            0x080094a0        0x8
                0x080094a0                        . = ALIGN (0x4)
                0x080094a0                        __exidx_start = .
 *(.ARM.exidx*)
 .ARM.exidx     0x080094a0        0x8 C:/ST/STM32CubeIDE_1.16.0/STM32CubeIDE/plugins/com.st.stm32cube.ide.mcu.externaltools.gnu-tools-for-stm32.12.3.rel1.win32_1.0.200.202406191623/tools/bin/../lib/gcc/arm-none-eabi/12.3.1/../../../../arm-none-eabi/lib/thumb/v7e-m+fp/hard\libc_nano.a(libc_a-memchr.o)
 .ARM.exidx     0x080094a8        0x0 C:/ST/STM32CubeIDE_1.16.0/STM32CubeIDE/plugins/com.st.stm32cube.ide.mcu.externaltools.gnu-tools-for-stm32.12.3.rel1.win32_1.0.200.202406191623/tools/bin/../lib/gcc/arm-none-eabi/12.3.1/thumb/v7e-m+fp/hard\libgcc.a(_udivmoddi4.o)
                                  0x8 (size before relaxing)
                0x080094a8                        __exidx_end = .
                0x080094a8                        . = ALIGN (0x4)

.preinit_array  0x080094a8        0x0
                0x080094a8                        . = ALIGN (0x4)
                0x080094a8                        PROVIDE (__preinit_array_start = .)
 *(.preinit_array*)
                0x080094a8                        PROVIDE (__preinit_array_end = .)
                0x080094a8                        . = ALIGN (0x4)

.init_array     0x080094a8        0x4
                0x080094a8                        . = ALIGN (0x4)
                0x080094a8                        PROVIDE (__init_array_start = .)
 *(SORT_BY_NAME(.init_array.*))
 *(.init_array*)
 .init_array    0x080094a8        0x4 C:/ST/STM32CubeIDE_1.16.0/STM32CubeIDE/plugins/com.st.stm32cube.ide.mcu.externaltools.gnu-tools-for-stm32.12.3.rel1.win32_1.0.200.202406191623/tools/bin/../lib/gcc/arm-none-eabi/12.3.1/thumb/v7e-m+fp/hard/crtbegin.o
                0x080094ac                        PROVIDE (__init_array_end = .)
                0x080094ac                        . = ALIGN (0x4)

.fini_array     0x080094ac        0x4
                0x080094ac                        . = ALIGN (0x4)
                [!provide]                        PROVIDE (__fini_array_start = .)
 *(SORT_BY_NAME(.fini_array.*))
 *(.fini_array*)
 .fini_array    0x080094ac        0x4 C:/ST/STM32CubeIDE_1.16.0/STM32CubeIDE/plugins/com.st.stm32cube.ide.mcu.externaltools.gnu-tools-for-stm32.12.3.rel1.win32_1.0.200.202406191623/tools/bin/../lib/gcc/arm-none-eabi/12.3.1/thumb/v7e-m+fp/hard/crtbegin.o
                [!provide]                        PROVIDE (__fini_array_end = .)
                0x080094b0                        . = ALIGN (0x4)
                0x080094b0                        _sidata = LOADADDR (.data)

.rel.dyn        0x080094b0        0x0
 .rel.iplt      0x080094b0        0x0 C:/ST/STM32CubeIDE_1.16.0/STM32CubeIDE/plugins/com.st.stm32cube.ide.mcu.externaltools.gnu-tools-for-stm32.12.3.rel1.win32_1.0.200.202406191623/tools/bin/../lib/gcc/arm-none-eabi/12.3.1/thumb/v7e-m+fp/hard/crtbegin.o

.data           0x20000000       0x70 load address 0x080094b0
                0x20000000                        . = ALIGN (0x4)
                0x20000000                        _sdata = .
 *(.data)
 *(.data*)
 .data.SystemCoreClock
                0x20000000        0x4 ./Core/Src/system_stm32f4xx.o
                0x20000000                SystemCoreClock
 .data.uwTickPrio
                0x20000004        0x4 ./Drivers/STM32F4xx_HAL_Driver/Src/stm32f4xx_hal.o
                0x20000004                uwTickPrio
 .data.uwTickFreq
                0x20000008        0x1 ./Drivers/STM32F4xx_HAL_Driver/Src/stm32f4xx_hal.o
                0x20000008                uwTickFreq
 *fill*         0x20000009        0x3 
 .data.uxTopUsedPriority
                0x2000000c        0x4 ./FreeRTOS-Kernel/tasks.o
 .data.uxCriticalNesting
                0x20000010        0x4 ./FreeRTOS-Kernel/portable/GCC/ARM_CM4F/port.o
 .data.__sglue  0x20000014        0xc C:/ST/STM32CubeIDE_1.16.0/STM32CubeIDE/plugins/com.st.stm32cube.ide.mcu.externaltools.gnu-tools-for-stm32.12.3.rel1.win32_1.0.200.202406191623/tools/bin/../lib/gcc/arm-none-eabi/12.3.1/../../../../arm-none-eabi/lib/thumb/v7e-m+fp/hard\libc_nano.a(libc_a-findfp.o)
                0x20000014                __sglue
 .data._impure_ptr
                0x20000020        0x4 C:/ST/STM32CubeIDE_1.16.0/STM32CubeIDE/plugins/com.st.stm32cube.ide.mcu.externaltools.gnu-tools-for-stm32.12.3.rel1.win32_1.0.200.202406191623/tools/bin/../lib/gcc/arm-none-eabi/12.3.1/../../../../arm-none-eabi/lib/thumb/v7e-m+fp/hard\libc_nano.a(libc_a-impure.o)
                0x20000020                _impure_ptr
 .data._impure_data
                0x20000024       0x4c C:/ST/STM32CubeIDE_1.16.0/STM32CubeIDE/plugins/com.st.stm32cube.ide.mcu.externaltools.gnu-tools-for-stm32.12.3.rel1.win32_1.0.200.202406191623/tools/bin/../lib/gcc/arm-none-eabi/12.3.1/../../../../arm-none-eabi/lib/thumb/v7e-m+fp/hard\libc_nano.a(libc_a-impure.o)
                0x20000024                _impure_data
 *(.RamFunc)
 *(.RamFunc*)
                0x20000070                        . = ALIGN (0x4)
                0x20000070                        _edata = .
                0x08009520                        _siccmram = LOADADDR (.ccmram)

.igot.plt       0x20000070        0x0 load address 0x08009520
 .igot.plt      0x20000070        0x0 C:/ST/STM32CubeIDE_1.16.0/STM32CubeIDE/plugins/com.st.stm32cube.ide.mcu.externaltools.gnu-tools-for-stm32.12.3.rel1.win32_1.0.200.202406191623/tools/bin/../lib/gcc/arm-none-eabi/12.3.1/thumb/v7e-m+fp/hard/crtbegin.o

.ccmram         0x10000000        0x0 load address 0x08009520
                0x10000000                        . = ALIGN (0x4)
                0x10000000                        _sccmram = .
 *(.ccmram)
 *(.ccmram*)
                0x10000000                        . = ALIGN (0x4)
                0x10000000                        _eccmram = .
                0x10000000                        . = ALIGN (0x4)

.bss            0x20000070     0x3258
                0x20000070                        _sbss = .
                0x20000070                        __bss_start__ = _sbss
 *(.bss)
 .bss           0x20000070       0x1c C:/ST/STM32CubeIDE_1.16.0/STM32CubeIDE/plugins/com.st.stm32cube.ide.mcu.externaltools.gnu-tools-for-stm32.12.3.rel1.win32_1.0.200.202406191623/tools/bin/../lib/gcc/arm-none-eabi/12.3.1/thumb/v7e-m+fp/hard/crtbegin.o
 *(.bss*)
 .bss.hrtc      0x2000008c       0x20 ./Core/Src/main.o
                0x2000008c                hrtc
 .bss.redButtonHandle
                0x200000ac        0x4 ./Core/Src/main.o
                0x200000ac                redButtonHandle
 .bss.blueButtonHandle
                0x200000b0        0x4 ./Core/Src/main.o
                0x200000b0                blueButtonHandle
 .bss.greenButtonHandle
                0x200000b4        0x4 ./Core/Src/main.o
                0x200000b4                greenButtonHandle
 .bss.yellowButtonHandle
                0x200000b8        0x4 ./Core/Src/main.o
                0x200000b8                yellowButtonHandle
 .bss.displayTimeHandle
                0x200000bc        0x4 ./Core/Src/main.o
                0x200000bc                displayTimeHandle
 .bss.changeFormatHandle
                0x200000c0        0x4 ./Core/Src/main.o
                0x200000c0                changeFormatHandle
 .bss.stopwatchHandle
                0x200000c4        0x4 ./Core/Src/main.o
                0x200000c4                stopwatchHandle
 .bss.adjustTimeHandle
                0x200000c8        0x4 ./Core/Src/main.o
                0x200000c8                adjustTimeHandle
 .bss.hourlyAlarmHandle
                0x200000cc        0x4 ./Core/Src/main.o
                0x200000cc                hourlyAlarmHandle
 .bss.alarmTaskHandle
                0x200000d0        0x4 ./Core/Src/main.o
                0x200000d0                alarmTaskHandle
 .bss.snoozeTaskHandle
                0x200000d4        0x4 ./Core/Src/main.o
                0x200000d4                snoozeTaskHandle
 .bss.blinkHandle
                0x200000d8        0x4 ./Core/Src/main.o
                0x200000d8                blinkHandle
 .bss.function_mode
                0x200000dc        0x1 ./Core/Src/main.o
                0x200000dc                function_mode
 .bss.blue_ctr  0x200000dd        0x1 ./Core/Src/main.o
                0x200000dd                blue_ctr
 .bss.green_ctr
                0x200000de        0x1 ./Core/Src/main.o
                0x200000de                green_ctr
 .bss.yellow_ctr
                0x200000df        0x1 ./Core/Src/main.o
                0x200000df                yellow_ctr
 .bss.toggle_chime_function
                0x200000e0        0x1 ./Core/Src/main.o
                0x200000e0                toggle_chime_function
 *fill*         0x200000e1        0x3 
 .bss.htim6     0x200000e4       0x48 ./Core/Src/stm32f4xx_hal_timebase_tim.o
                0x200000e4                htim6
 .bss.lastInterruptTime
                0x2000012c        0x4 ./Core/Src/stm32f4xx_it.o
                0x2000012c                lastInterruptTime
 .bss.time_format
                0x20000130        0x1 ./Core/Src/watch.o
 .bss.internal_toggle_chime_function
                0x20000131        0x1 ./Core/Src/watch.o
 .bss.Line_Position
                0x20000132        0x1 ./Drivers/Custom_External_HAL_Driver/Src/lcd.o
 *fill*         0x20000133        0x1 
 .bss.uwTick    0x20000134        0x4 ./Drivers/STM32F4xx_HAL_Driver/Src/stm32f4xx_hal.o
                0x20000134                uwTick
 .bss.pFlash    0x20000138       0x20 ./Drivers/STM32F4xx_HAL_Driver/Src/stm32f4xx_hal_flash.o
                0x20000138                pFlash
 .bss.pxCurrentTCB
                0x20000158        0x4 ./FreeRTOS-Kernel/tasks.o
                0x20000158                pxCurrentTCB
 *fill*         0x2000015c        0x4 
 .bss.pxReadyTasksLists
                0x20000160       0xa0 ./FreeRTOS-Kernel/tasks.o
 .bss.xDelayedTaskList1
                0x20000200       0x20 ./FreeRTOS-Kernel/tasks.o
 .bss.xDelayedTaskList2
                0x20000220       0x20 ./FreeRTOS-Kernel/tasks.o
 .bss.pxDelayedTaskList
                0x20000240        0x4 ./FreeRTOS-Kernel/tasks.o
 .bss.pxOverflowDelayedTaskList
                0x20000244        0x4 ./FreeRTOS-Kernel/tasks.o
 .bss.xPendingReadyList
                0x20000248       0x20 ./FreeRTOS-Kernel/tasks.o
 .bss.xTasksWaitingTermination
                0x20000268       0x20 ./FreeRTOS-Kernel/tasks.o
 .bss.uxDeletedTasksWaitingCleanUp
                0x20000288        0x4 ./FreeRTOS-Kernel/tasks.o
 *fill*         0x2000028c        0x4 
 .bss.xSuspendedTaskList
                0x20000290       0x20 ./FreeRTOS-Kernel/tasks.o
 .bss.uxCurrentNumberOfTasks
                0x200002b0        0x4 ./FreeRTOS-Kernel/tasks.o
 *fill*         0x200002b4        0x4 
 .bss.xTickCount
                0x200002b8        0x8 ./FreeRTOS-Kernel/tasks.o
 .bss.uxTopReadyPriority
                0x200002c0        0x4 ./FreeRTOS-Kernel/tasks.o
 .bss.xSchedulerRunning
                0x200002c4        0x4 ./FreeRTOS-Kernel/tasks.o
 .bss.xPendedTicks
                0x200002c8        0x8 ./FreeRTOS-Kernel/tasks.o
 .bss.xYieldPendings
                0x200002d0        0x4 ./FreeRTOS-Kernel/tasks.o
 .bss.xNumOfOverflows
                0x200002d4        0x4 ./FreeRTOS-Kernel/tasks.o
 .bss.uxTaskNumber
                0x200002d8        0x4 ./FreeRTOS-Kernel/tasks.o
 *fill*         0x200002dc        0x4 
 .bss.xNextTaskUnblockTime
                0x200002e0        0x8 ./FreeRTOS-Kernel/tasks.o
 .bss.xIdleTaskHandles
                0x200002e8        0x4 ./FreeRTOS-Kernel/tasks.o
 .bss.uxSchedulerSuspended
                0x200002ec        0x4 ./FreeRTOS-Kernel/tasks.o
 .bss.xIdleTaskTCB.3
                0x200002f0       0x58 ./FreeRTOS-Kernel/tasks.o
 .bss.uxIdleTaskStack.2
                0x20000348      0x200 ./FreeRTOS-Kernel/tasks.o
 .bss.xTimerTaskTCB.1
                0x20000548       0x58 ./FreeRTOS-Kernel/tasks.o
 .bss.uxTimerTaskStack.0
                0x200005a0      0x200 ./FreeRTOS-Kernel/tasks.o
 .bss.xActiveTimerList1
                0x200007a0       0x20 ./FreeRTOS-Kernel/timers.o
 .bss.xActiveTimerList2
                0x200007c0       0x20 ./FreeRTOS-Kernel/timers.o
 .bss.pxCurrentTimerList
                0x200007e0        0x4 ./FreeRTOS-Kernel/timers.o
 .bss.pxOverflowTimerList
                0x200007e4        0x4 ./FreeRTOS-Kernel/timers.o
 .bss.xTimerQueue
                0x200007e8        0x4 ./FreeRTOS-Kernel/timers.o
 .bss.xTimerTaskHandle
                0x200007ec        0x4 ./FreeRTOS-Kernel/timers.o
 .bss.xLastTime.2
                0x200007f0        0x8 ./FreeRTOS-Kernel/timers.o
 .bss.ucStaticTimerQueueStorage.1
                0x200007f8       0xf0 ./FreeRTOS-Kernel/timers.o
 .bss.xStaticTimerQueue.0
                0x200008e8       0x68 ./FreeRTOS-Kernel/timers.o
 .bss.ulTimerCountsForOneTick
                0x20000950        0x4 ./FreeRTOS-Kernel/portable/GCC/ARM_CM4F/port.o
 .bss.xMaximumPossibleSuppressedTicks
                0x20000954        0x4 ./FreeRTOS-Kernel/portable/GCC/ARM_CM4F/port.o
 .bss.ulStoppedTimerCompensation
                0x20000958        0x4 ./FreeRTOS-Kernel/portable/GCC/ARM_CM4F/port.o
 .bss.ucHeap    0x2000095c     0x2800 ./FreeRTOS-Kernel/portable/MemMang/heap_4.o
 .bss.xStart    0x2000315c        0x8 ./FreeRTOS-Kernel/portable/MemMang/heap_4.o
 .bss.pxEnd     0x20003164        0x4 ./FreeRTOS-Kernel/portable/MemMang/heap_4.o
 .bss.xFreeBytesRemaining
                0x20003168        0x4 ./FreeRTOS-Kernel/portable/MemMang/heap_4.o
 .bss.xMinimumEverFreeBytesRemaining
                0x2000316c        0x4 ./FreeRTOS-Kernel/portable/MemMang/heap_4.o
 .bss.xNumberOfSuccessfulAllocations
                0x20003170        0x4 ./FreeRTOS-Kernel/portable/MemMang/heap_4.o
 .bss.xNumberOfSuccessfulFrees
                0x20003174        0x4 ./FreeRTOS-Kernel/portable/MemMang/heap_4.o
 .bss.__sf      0x20003178      0x138 C:/ST/STM32CubeIDE_1.16.0/STM32CubeIDE/plugins/com.st.stm32cube.ide.mcu.externaltools.gnu-tools-for-stm32.12.3.rel1.win32_1.0.200.202406191623/tools/bin/../lib/gcc/arm-none-eabi/12.3.1/../../../../arm-none-eabi/lib/thumb/v7e-m+fp/hard\libc_nano.a(libc_a-findfp.o)
                0x20003178                __sf
 .bss.__stdio_exit_handler
                0x200032b0        0x4 C:/ST/STM32CubeIDE_1.16.0/STM32CubeIDE/plugins/com.st.stm32cube.ide.mcu.externaltools.gnu-tools-for-stm32.12.3.rel1.win32_1.0.200.202406191623/tools/bin/../lib/gcc/arm-none-eabi/12.3.1/../../../../arm-none-eabi/lib/thumb/v7e-m+fp/hard\libc_nano.a(libc_a-findfp.o)
                0x200032b0                __stdio_exit_handler
 .bss.errno     0x200032b4        0x4 C:/ST/STM32CubeIDE_1.16.0/STM32CubeIDE/plugins/com.st.stm32cube.ide.mcu.externaltools.gnu-tools-for-stm32.12.3.rel1.win32_1.0.200.202406191623/tools/bin/../lib/gcc/arm-none-eabi/12.3.1/../../../../arm-none-eabi/lib/thumb/v7e-m+fp/hard\libc_nano.a(libc_a-reent.o)
                0x200032b4                errno
 .bss.__lock___malloc_recursive_mutex
                0x200032b8        0x1 C:/ST/STM32CubeIDE_1.16.0/STM32CubeIDE/plugins/com.st.stm32cube.ide.mcu.externaltools.gnu-tools-for-stm32.12.3.rel1.win32_1.0.200.202406191623/tools/bin/../lib/gcc/arm-none-eabi/12.3.1/../../../../arm-none-eabi/lib/thumb/v7e-m+fp/hard\libc_nano.a(libc_a-lock.o)
                0x200032b8                __lock___malloc_recursive_mutex
 .bss.__lock___sfp_recursive_mutex
                0x200032b9        0x1 C:/ST/STM32CubeIDE_1.16.0/STM32CubeIDE/plugins/com.st.stm32cube.ide.mcu.externaltools.gnu-tools-for-stm32.12.3.rel1.win32_1.0.200.202406191623/tools/bin/../lib/gcc/arm-none-eabi/12.3.1/../../../../arm-none-eabi/lib/thumb/v7e-m+fp/hard\libc_nano.a(libc_a-lock.o)
                0x200032b9                __lock___sfp_recursive_mutex
 *fill*         0x200032ba        0x2 
 .bss.__malloc_sbrk_start
                0x200032bc        0x4 C:/ST/STM32CubeIDE_1.16.0/STM32CubeIDE/plugins/com.st.stm32cube.ide.mcu.externaltools.gnu-tools-for-stm32.12.3.rel1.win32_1.0.200.202406191623/tools/bin/../lib/gcc/arm-none-eabi/12.3.1/../../../../arm-none-eabi/lib/thumb/v7e-m+fp/hard\libc_nano.a(libc_a-mallocr.o)
                0x200032bc                __malloc_sbrk_start
 .bss.__malloc_free_list
                0x200032c0        0x4 C:/ST/STM32CubeIDE_1.16.0/STM32CubeIDE/plugins/com.st.stm32cube.ide.mcu.externaltools.gnu-tools-for-stm32.12.3.rel1.win32_1.0.200.202406191623/tools/bin/../lib/gcc/arm-none-eabi/12.3.1/../../../../arm-none-eabi/lib/thumb/v7e-m+fp/hard\libc_nano.a(libc_a-mallocr.o)
                0x200032c0                __malloc_free_list
 .bss.heap_end.0
                0x200032c4        0x4 C:/ST/STM32CubeIDE_1.16.0/STM32CubeIDE/plugins/com.st.stm32cube.ide.mcu.externaltools.gnu-tools-for-stm32.12.3.rel1.win32_1.0.200.202406191623/tools/bin/../lib/gcc/arm-none-eabi/12.3.1/../../../../arm-none-eabi/lib/thumb/v7e-m+fp/hard\libnosys.a(sbrk.o)
 *(COMMON)
                0x200032c8                        . = ALIGN (0x4)
                0x200032c8                        _ebss = .
                0x200032c8                        __bss_end__ = _ebss

._user_heap_stack
                0x200032c8      0x600
                0x200032c8                        . = ALIGN (0x8)
                0x200032c8                        PROVIDE (end = .)
                [!provide]                        PROVIDE (_end = .)
                0x200034c8                        . = (. + _Min_Heap_Size)
 *fill*         0x200032c8      0x200 
                0x200038c8                        . = (. + _Min_Stack_Size)
 *fill*         0x200034c8      0x400 
                0x200038c8                        . = ALIGN (0x8)

/DISCARD/
 libc.a(*)
 libm.a(*)
 libgcc.a(*)

.ARM.attributes
                0x00000000       0x30
 *(.ARM.attributes)
 .ARM.attributes
                0x00000000       0x22 C:/ST/STM32CubeIDE_1.16.0/STM32CubeIDE/plugins/com.st.stm32cube.ide.mcu.externaltools.gnu-tools-for-stm32.12.3.rel1.win32_1.0.200.202406191623/tools/bin/../lib/gcc/arm-none-eabi/12.3.1/thumb/v7e-m+fp/hard/crti.o
 .ARM.attributes
                0x00000022       0x34 C:/ST/STM32CubeIDE_1.16.0/STM32CubeIDE/plugins/com.st.stm32cube.ide.mcu.externaltools.gnu-tools-for-stm32.12.3.rel1.win32_1.0.200.202406191623/tools/bin/../lib/gcc/arm-none-eabi/12.3.1/thumb/v7e-m+fp/hard/crtbegin.o
 .ARM.attributes
                0x00000056       0x34 ./Core/Src/main.o
 .ARM.attributes
                0x0000008a       0x34 ./Core/Src/stm32f4xx_hal_msp.o
 .ARM.attributes
                0x000000be       0x34 ./Core/Src/stm32f4xx_hal_timebase_tim.o
 .ARM.attributes
                0x000000f2       0x34 ./Core/Src/stm32f4xx_it.o
 .ARM.attributes
                0x00000126       0x34 ./Core/Src/syscalls.o
 .ARM.attributes
                0x0000015a       0x34 ./Core/Src/system_stm32f4xx.o
 .ARM.attributes
                0x0000018e       0x34 ./Core/Src/watch.o
 .ARM.attributes
                0x000001c2       0x21 ./Core/Startup/startup_stm32f407vetx.o
 .ARM.attributes
                0x000001e3       0x34 ./Drivers/Custom_External_HAL_Driver/Src/lcd.o
 .ARM.attributes
                0x00000217       0x34 ./Drivers/STM32F4xx_HAL_Driver/Src/stm32f4xx_hal.o
 .ARM.attributes
                0x0000024b       0x34 ./Drivers/STM32F4xx_HAL_Driver/Src/stm32f4xx_hal_cortex.o
 .ARM.attributes
                0x0000027f       0x34 ./Drivers/STM32F4xx_HAL_Driver/Src/stm32f4xx_hal_flash.o
 .ARM.attributes
                0x000002b3       0x34 ./Drivers/STM32F4xx_HAL_Driver/Src/stm32f4xx_hal_flash_ex.o
 .ARM.attributes
                0x000002e7       0x34 ./Drivers/STM32F4xx_HAL_Driver/Src/stm32f4xx_hal_gpio.o
 .ARM.attributes
                0x0000031b       0x34 ./Drivers/STM32F4xx_HAL_Driver/Src/stm32f4xx_hal_rcc.o
 .ARM.attributes
                0x0000034f       0x34 ./Drivers/STM32F4xx_HAL_Driver/Src/stm32f4xx_hal_rcc_ex.o
 .ARM.attributes
                0x00000383       0x34 ./Drivers/STM32F4xx_HAL_Driver/Src/stm32f4xx_hal_rtc.o
 .ARM.attributes
                0x000003b7       0x34 ./Drivers/STM32F4xx_HAL_Driver/Src/stm32f4xx_hal_rtc_ex.o
 .ARM.attributes
                0x000003eb       0x34 ./Drivers/STM32F4xx_HAL_Driver/Src/stm32f4xx_hal_tim.o
 .ARM.attributes
                0x0000041f       0x34 ./Drivers/STM32F4xx_HAL_Driver/Src/stm32f4xx_hal_tim_ex.o
 .ARM.attributes
                0x00000453       0x34 ./FreeRTOS-Kernel/list.o
 .ARM.attributes
                0x00000487       0x34 ./FreeRTOS-Kernel/queue.o
 .ARM.attributes
                0x000004bb       0x34 ./FreeRTOS-Kernel/tasks.o
 .ARM.attributes
                0x000004ef       0x34 ./FreeRTOS-Kernel/timers.o
 .ARM.attributes
                0x00000523       0x34 ./FreeRTOS-Kernel/portable/GCC/ARM_CM4F/port.o
 .ARM.attributes
                0x00000557       0x34 ./FreeRTOS-Kernel/portable/MemMang/heap_4.o
 .ARM.attributes
                0x0000058b       0x34 C:/ST/STM32CubeIDE_1.16.0/STM32CubeIDE/plugins/com.st.stm32cube.ide.mcu.externaltools.gnu-tools-for-stm32.12.3.rel1.win32_1.0.200.202406191623/tools/bin/../lib/gcc/arm-none-eabi/12.3.1/../../../../arm-none-eabi/lib/thumb/v7e-m+fp/hard\libc_nano.a(libc_a-findfp.o)
 .ARM.attributes
                0x000005bf       0x34 C:/ST/STM32CubeIDE_1.16.0/STM32CubeIDE/plugins/com.st.stm32cube.ide.mcu.externaltools.gnu-tools-for-stm32.12.3.rel1.win32_1.0.200.202406191623/tools/bin/../lib/gcc/arm-none-eabi/12.3.1/../../../../arm-none-eabi/lib/thumb/v7e-m+fp/hard\libc_nano.a(libc_a-fwalk.o)
 .ARM.attributes
                0x000005f3       0x34 C:/ST/STM32CubeIDE_1.16.0/STM32CubeIDE/plugins/com.st.stm32cube.ide.mcu.externaltools.gnu-tools-for-stm32.12.3.rel1.win32_1.0.200.202406191623/tools/bin/../lib/gcc/arm-none-eabi/12.3.1/../../../../arm-none-eabi/lib/thumb/v7e-m+fp/hard\libc_nano.a(libc_a-printf.o)
 .ARM.attributes
                0x00000627       0x34 C:/ST/STM32CubeIDE_1.16.0/STM32CubeIDE/plugins/com.st.stm32cube.ide.mcu.externaltools.gnu-tools-for-stm32.12.3.rel1.win32_1.0.200.202406191623/tools/bin/../lib/gcc/arm-none-eabi/12.3.1/../../../../arm-none-eabi/lib/thumb/v7e-m+fp/hard\libc_nano.a(libc_a-putchar.o)
 .ARM.attributes
                0x0000065b       0x34 C:/ST/STM32CubeIDE_1.16.0/STM32CubeIDE/plugins/com.st.stm32cube.ide.mcu.externaltools.gnu-tools-for-stm32.12.3.rel1.win32_1.0.200.202406191623/tools/bin/../lib/gcc/arm-none-eabi/12.3.1/../../../../arm-none-eabi/lib/thumb/v7e-m+fp/hard\libc_nano.a(libc_a-puts.o)
 .ARM.attributes
                0x0000068f       0x34 C:/ST/STM32CubeIDE_1.16.0/STM32CubeIDE/plugins/com.st.stm32cube.ide.mcu.externaltools.gnu-tools-for-stm32.12.3.rel1.win32_1.0.200.202406191623/tools/bin/../lib/gcc/arm-none-eabi/12.3.1/../../../../arm-none-eabi/lib/thumb/v7e-m+fp/hard\libc_nano.a(libc_a-sprintf.o)
 .ARM.attributes
                0x000006c3       0x34 C:/ST/STM32CubeIDE_1.16.0/STM32CubeIDE/plugins/com.st.stm32cube.ide.mcu.externaltools.gnu-tools-for-stm32.12.3.rel1.win32_1.0.200.202406191623/tools/bin/../lib/gcc/arm-none-eabi/12.3.1/../../../../arm-none-eabi/lib/thumb/v7e-m+fp/hard\libc_nano.a(libc_a-stdio.o)
 .ARM.attributes
                0x000006f7       0x34 C:/ST/STM32CubeIDE_1.16.0/STM32CubeIDE/plugins/com.st.stm32cube.ide.mcu.externaltools.gnu-tools-for-stm32.12.3.rel1.win32_1.0.200.202406191623/tools/bin/../lib/gcc/arm-none-eabi/12.3.1/../../../../arm-none-eabi/lib/thumb/v7e-m+fp/hard\libc_nano.a(libc_a-wbuf.o)
 .ARM.attributes
                0x0000072b       0x34 C:/ST/STM32CubeIDE_1.16.0/STM32CubeIDE/plugins/com.st.stm32cube.ide.mcu.externaltools.gnu-tools-for-stm32.12.3.rel1.win32_1.0.200.202406191623/tools/bin/../lib/gcc/arm-none-eabi/12.3.1/../../../../arm-none-eabi/lib/thumb/v7e-m+fp/hard\libc_nano.a(libc_a-wsetup.o)
 .ARM.attributes
                0x0000075f       0x34 C:/ST/STM32CubeIDE_1.16.0/STM32CubeIDE/plugins/com.st.stm32cube.ide.mcu.externaltools.gnu-tools-for-stm32.12.3.rel1.win32_1.0.200.202406191623/tools/bin/../lib/gcc/arm-none-eabi/12.3.1/../../../../arm-none-eabi/lib/thumb/v7e-m+fp/hard\libc_nano.a(libc_a-memset.o)
 .ARM.attributes
                0x00000793       0x34 C:/ST/STM32CubeIDE_1.16.0/STM32CubeIDE/plugins/com.st.stm32cube.ide.mcu.externaltools.gnu-tools-for-stm32.12.3.rel1.win32_1.0.200.202406191623/tools/bin/../lib/gcc/arm-none-eabi/12.3.1/../../../../arm-none-eabi/lib/thumb/v7e-m+fp/hard\libc_nano.a(libc_a-closer.o)
 .ARM.attributes
                0x000007c7       0x34 C:/ST/STM32CubeIDE_1.16.0/STM32CubeIDE/plugins/com.st.stm32cube.ide.mcu.externaltools.gnu-tools-for-stm32.12.3.rel1.win32_1.0.200.202406191623/tools/bin/../lib/gcc/arm-none-eabi/12.3.1/../../../../arm-none-eabi/lib/thumb/v7e-m+fp/hard\libc_nano.a(libc_a-reent.o)
 .ARM.attributes
                0x000007fb       0x34 C:/ST/STM32CubeIDE_1.16.0/STM32CubeIDE/plugins/com.st.stm32cube.ide.mcu.externaltools.gnu-tools-for-stm32.12.3.rel1.win32_1.0.200.202406191623/tools/bin/../lib/gcc/arm-none-eabi/12.3.1/../../../../arm-none-eabi/lib/thumb/v7e-m+fp/hard\libc_nano.a(libc_a-impure.o)
 .ARM.attributes
                0x0000082f       0x34 C:/ST/STM32CubeIDE_1.16.0/STM32CubeIDE/plugins/com.st.stm32cube.ide.mcu.externaltools.gnu-tools-for-stm32.12.3.rel1.win32_1.0.200.202406191623/tools/bin/../lib/gcc/arm-none-eabi/12.3.1/../../../../arm-none-eabi/lib/thumb/v7e-m+fp/hard\libc_nano.a(libc_a-lseekr.o)
 .ARM.attributes
                0x00000863       0x34 C:/ST/STM32CubeIDE_1.16.0/STM32CubeIDE/plugins/com.st.stm32cube.ide.mcu.externaltools.gnu-tools-for-stm32.12.3.rel1.win32_1.0.200.202406191623/tools/bin/../lib/gcc/arm-none-eabi/12.3.1/../../../../arm-none-eabi/lib/thumb/v7e-m+fp/hard\libc_nano.a(libc_a-readr.o)
 .ARM.attributes
                0x00000897       0x34 C:/ST/STM32CubeIDE_1.16.0/STM32CubeIDE/plugins/com.st.stm32cube.ide.mcu.externaltools.gnu-tools-for-stm32.12.3.rel1.win32_1.0.200.202406191623/tools/bin/../lib/gcc/arm-none-eabi/12.3.1/../../../../arm-none-eabi/lib/thumb/v7e-m+fp/hard\libc_nano.a(libc_a-writer.o)
 .ARM.attributes
                0x000008cb       0x34 C:/ST/STM32CubeIDE_1.16.0/STM32CubeIDE/plugins/com.st.stm32cube.ide.mcu.externaltools.gnu-tools-for-stm32.12.3.rel1.win32_1.0.200.202406191623/tools/bin/../lib/gcc/arm-none-eabi/12.3.1/../../../../arm-none-eabi/lib/thumb/v7e-m+fp/hard\libc_nano.a(libc_a-init.o)
 .ARM.attributes
                0x000008ff       0x34 C:/ST/STM32CubeIDE_1.16.0/STM32CubeIDE/plugins/com.st.stm32cube.ide.mcu.externaltools.gnu-tools-for-stm32.12.3.rel1.win32_1.0.200.202406191623/tools/bin/../lib/gcc/arm-none-eabi/12.3.1/../../../../arm-none-eabi/lib/thumb/v7e-m+fp/hard\libc_nano.a(libc_a-lock.o)
 .ARM.attributes
                0x00000933       0x34 C:/ST/STM32CubeIDE_1.16.0/STM32CubeIDE/plugins/com.st.stm32cube.ide.mcu.externaltools.gnu-tools-for-stm32.12.3.rel1.win32_1.0.200.202406191623/tools/bin/../lib/gcc/arm-none-eabi/12.3.1/../../../../arm-none-eabi/lib/thumb/v7e-m+fp/hard\libc_nano.a(libc_a-memcpy-stub.o)
 .ARM.attributes
                0x00000967       0x34 C:/ST/STM32CubeIDE_1.16.0/STM32CubeIDE/plugins/com.st.stm32cube.ide.mcu.externaltools.gnu-tools-for-stm32.12.3.rel1.win32_1.0.200.202406191623/tools/bin/../lib/gcc/arm-none-eabi/12.3.1/../../../../arm-none-eabi/lib/thumb/v7e-m+fp/hard\libc_nano.a(libc_a-freer.o)
 .ARM.attributes
                0x0000099b       0x34 C:/ST/STM32CubeIDE_1.16.0/STM32CubeIDE/plugins/com.st.stm32cube.ide.mcu.externaltools.gnu-tools-for-stm32.12.3.rel1.win32_1.0.200.202406191623/tools/bin/../lib/gcc/arm-none-eabi/12.3.1/../../../../arm-none-eabi/lib/thumb/v7e-m+fp/hard\libc_nano.a(libc_a-mallocr.o)
 .ARM.attributes
                0x000009cf       0x34 C:/ST/STM32CubeIDE_1.16.0/STM32CubeIDE/plugins/com.st.stm32cube.ide.mcu.externaltools.gnu-tools-for-stm32.12.3.rel1.win32_1.0.200.202406191623/tools/bin/../lib/gcc/arm-none-eabi/12.3.1/../../../../arm-none-eabi/lib/thumb/v7e-m+fp/hard\libc_nano.a(libc_a-mlock.o)
 .ARM.attributes
                0x00000a03       0x34 C:/ST/STM32CubeIDE_1.16.0/STM32CubeIDE/plugins/com.st.stm32cube.ide.mcu.externaltools.gnu-tools-for-stm32.12.3.rel1.win32_1.0.200.202406191623/tools/bin/../lib/gcc/arm-none-eabi/12.3.1/../../../../arm-none-eabi/lib/thumb/v7e-m+fp/hard\libc_nano.a(libc_a-nano-svfprintf.o)
 .ARM.attributes
                0x00000a37       0x34 C:/ST/STM32CubeIDE_1.16.0/STM32CubeIDE/plugins/com.st.stm32cube.ide.mcu.externaltools.gnu-tools-for-stm32.12.3.rel1.win32_1.0.200.202406191623/tools/bin/../lib/gcc/arm-none-eabi/12.3.1/../../../../arm-none-eabi/lib/thumb/v7e-m+fp/hard\libc_nano.a(libc_a-nano-vfprintf.o)
 .ARM.attributes
                0x00000a6b       0x34 C:/ST/STM32CubeIDE_1.16.0/STM32CubeIDE/plugins/com.st.stm32cube.ide.mcu.externaltools.gnu-tools-for-stm32.12.3.rel1.win32_1.0.200.202406191623/tools/bin/../lib/gcc/arm-none-eabi/12.3.1/../../../../arm-none-eabi/lib/thumb/v7e-m+fp/hard\libc_nano.a(libc_a-nano-vfprintf_i.o)
 .ARM.attributes
                0x00000a9f       0x34 C:/ST/STM32CubeIDE_1.16.0/STM32CubeIDE/plugins/com.st.stm32cube.ide.mcu.externaltools.gnu-tools-for-stm32.12.3.rel1.win32_1.0.200.202406191623/tools/bin/../lib/gcc/arm-none-eabi/12.3.1/../../../../arm-none-eabi/lib/thumb/v7e-m+fp/hard\libc_nano.a(libc_a-fflush.o)
 .ARM.attributes
                0x00000ad3       0x34 C:/ST/STM32CubeIDE_1.16.0/STM32CubeIDE/plugins/com.st.stm32cube.ide.mcu.externaltools.gnu-tools-for-stm32.12.3.rel1.win32_1.0.200.202406191623/tools/bin/../lib/gcc/arm-none-eabi/12.3.1/../../../../arm-none-eabi/lib/thumb/v7e-m+fp/hard\libc_nano.a(libc_a-makebuf.o)
 .ARM.attributes