../Drivers/Custom_External_HAL_Driver/Src/lcd.c:14:6:LCD_Init	8	static
../Drivers/Custom_External_HAL_Driver/Src/lcd.c:28:6:LCD_Send	16	static
../Drivers/Custom_External_HAL_Driver/Src/lcd.c:54:6:LCD_Send_Command	16	static
../Drivers/Custom_External_HAL_Driver/Src/lcd.c:59:6:LCD_Send_Data	16	static
../Drivers/Custom_External_HAL_Driver/Src/lcd.c:64:6:LCD_Send_Data_Upper	16	static
../Drivers/Custom_External_HAL_Driver/Src/lcd.c:73:6:LCD_Send_Data_Lower	16	static
../Drivers/Custom_External_HAL_Driver/Src/lcd.c:82:6:Update_Position_Display	16	static
